Component: ARM Compiler 5.05 update 1 (build 106) Tool: armlink [4d0efa]

==============================================================================

Section Cross References

    stm32f10x_dbgmcu.o(i.DBGMCU_Config) refers to startup.o(i.assert_failed) for assert_failed
    stm32f10x_exti.o(i.EXTI_ClearFlag) refers to startup.o(i.assert_failed) for assert_failed
    stm32f10x_exti.o(i.EXTI_ClearITPendingBit) refers to startup.o(i.assert_failed) for assert_failed
    stm32f10x_exti.o(i.EXTI_GenerateSWInterrupt) refers to startup.o(i.assert_failed) for assert_failed
    stm32f10x_exti.o(i.EXTI_GetFlagStatus) refers to startup.o(i.assert_failed) for assert_failed
    stm32f10x_exti.o(i.EXTI_GetITStatus) refers to startup.o(i.assert_failed) for assert_failed
    stm32f10x_exti.o(i.EXTI_Init) refers to startup.o(i.assert_failed) for assert_failed
    stm32f10x_gpio.o(i.GPIO_AFIODeInit) refers to stm32f10x_rcc.o(i.RCC_APB2PeriphResetCmd) for RCC_APB2PeriphResetCmd
    stm32f10x_gpio.o(i.GPIO_DeInit) refers to startup.o(i.assert_failed) for assert_failed
    stm32f10x_gpio.o(i.GPIO_DeInit) refers to stm32f10x_rcc.o(i.RCC_APB2PeriphResetCmd) for RCC_APB2PeriphResetCmd
    stm32f10x_gpio.o(i.GPIO_ETH_MediaInterfaceConfig) refers to startup.o(i.assert_failed) for assert_failed
    stm32f10x_gpio.o(i.GPIO_EXTILineConfig) refers to startup.o(i.assert_failed) for assert_failed
    stm32f10x_gpio.o(i.GPIO_EventOutputCmd) refers to startup.o(i.assert_failed) for assert_failed
    stm32f10x_gpio.o(i.GPIO_EventOutputConfig) refers to startup.o(i.assert_failed) for assert_failed
    stm32f10x_gpio.o(i.GPIO_Init) refers to startup.o(i.assert_failed) for assert_failed
    stm32f10x_gpio.o(i.GPIO_PinLockConfig) refers to startup.o(i.assert_failed) for assert_failed
    stm32f10x_gpio.o(i.GPIO_PinRemapConfig) refers to startup.o(i.assert_failed) for assert_failed
    stm32f10x_gpio.o(i.GPIO_ReadInputData) refers to startup.o(i.assert_failed) for assert_failed
    stm32f10x_gpio.o(i.GPIO_ReadInputDataBit) refers to startup.o(i.assert_failed) for assert_failed
    stm32f10x_gpio.o(i.GPIO_ReadOutputData) refers to startup.o(i.assert_failed) for assert_failed
    stm32f10x_gpio.o(i.GPIO_ReadOutputDataBit) refers to startup.o(i.assert_failed) for assert_failed
    stm32f10x_gpio.o(i.GPIO_ResetBits) refers to startup.o(i.assert_failed) for assert_failed
    stm32f10x_gpio.o(i.GPIO_SetBits) refers to startup.o(i.assert_failed) for assert_failed
    stm32f10x_gpio.o(i.GPIO_Write) refers to startup.o(i.assert_failed) for assert_failed
    stm32f10x_gpio.o(i.GPIO_WriteBit) refers to startup.o(i.assert_failed) for assert_failed
    stm32f10x_rcc.o(i.RCC_ADCCLKConfig) refers to startup.o(i.assert_failed) for assert_failed
    stm32f10x_rcc.o(i.RCC_AHBPeriphClockCmd) refers to startup.o(i.assert_failed) for assert_failed
    stm32f10x_rcc.o(i.RCC_APB1PeriphClockCmd) refers to startup.o(i.assert_failed) for assert_failed
    stm32f10x_rcc.o(i.RCC_APB1PeriphResetCmd) refers to startup.o(i.assert_failed) for assert_failed
    stm32f10x_rcc.o(i.RCC_APB2PeriphClockCmd) refers to startup.o(i.assert_failed) for assert_failed
    stm32f10x_rcc.o(i.RCC_APB2PeriphResetCmd) refers to startup.o(i.assert_failed) for assert_failed
    stm32f10x_rcc.o(i.RCC_AdjustHSICalibrationValue) refers to startup.o(i.assert_failed) for assert_failed
    stm32f10x_rcc.o(i.RCC_BackupResetCmd) refers to startup.o(i.assert_failed) for assert_failed
    stm32f10x_rcc.o(i.RCC_ClearITPendingBit) refers to startup.o(i.assert_failed) for assert_failed
    stm32f10x_rcc.o(i.RCC_ClockSecuritySystemCmd) refers to startup.o(i.assert_failed) for assert_failed
    stm32f10x_rcc.o(i.RCC_GetClocksFreq) refers to stm32f10x_rcc.o(.data) for APBAHBPrescTable
    stm32f10x_rcc.o(i.RCC_GetFlagStatus) refers to startup.o(i.assert_failed) for assert_failed
    stm32f10x_rcc.o(i.RCC_GetITStatus) refers to startup.o(i.assert_failed) for assert_failed
    stm32f10x_rcc.o(i.RCC_HCLKConfig) refers to startup.o(i.assert_failed) for assert_failed
    stm32f10x_rcc.o(i.RCC_HSEConfig) refers to startup.o(i.assert_failed) for assert_failed
    stm32f10x_rcc.o(i.RCC_HSICmd) refers to startup.o(i.assert_failed) for assert_failed
    stm32f10x_rcc.o(i.RCC_ITConfig) refers to startup.o(i.assert_failed) for assert_failed
    stm32f10x_rcc.o(i.RCC_LSEConfig) refers to startup.o(i.assert_failed) for assert_failed
    stm32f10x_rcc.o(i.RCC_LSICmd) refers to startup.o(i.assert_failed) for assert_failed
    stm32f10x_rcc.o(i.RCC_MCOConfig) refers to startup.o(i.assert_failed) for assert_failed
    stm32f10x_rcc.o(i.RCC_PCLK1Config) refers to startup.o(i.assert_failed) for assert_failed
    stm32f10x_rcc.o(i.RCC_PCLK2Config) refers to startup.o(i.assert_failed) for assert_failed
    stm32f10x_rcc.o(i.RCC_PLLCmd) refers to startup.o(i.assert_failed) for assert_failed
    stm32f10x_rcc.o(i.RCC_PLLConfig) refers to startup.o(i.assert_failed) for assert_failed
[...]
    i.rt_free                                0x08003004   Section        0  slab.o(i.rt_free)
    i.rt_hw_board_init                       0x080031ec   Section        0  board.o(i.rt_hw_board_init)
    i.rt_hw_console_output                   0x08003264   Section        0  kservice.o(i.rt_hw_console_output)
    i.rt_hw_hard_fault_exception             0x08003268   Section        0  cpuport.o(i.rt_hw_hard_fault_exception)
    i.rt_hw_led_init                         0x08003468   Section        0  led.o(i.rt_hw_led_init)
    i.rt_hw_led_off                          0x080034a8   Section        0  led.o(i.rt_hw_led_off)
    i.rt_hw_led_on                           0x080034d8   Section        0  led.o(i.rt_hw_led_on)
    i.rt_hw_serial_isr                       0x08003508   Section        0  serial.o(i.rt_hw_serial_isr)
    i.rt_hw_serial_register                  0x080036cc   Section        0  serial.o(i.rt_hw_serial_register)
    i.rt_hw_stack_init                       0x08003748   Section        0  cpuport.o(i.rt_hw_stack_init)
    i.rt_hw_usart_init                       0x08003794   Section        0  usart.o(i.rt_hw_usart_init)
    i.rt_init_thread_entry                   0x080037ec   Section        0  application.o(i.rt_init_thread_entry)
    i.rt_interrupt_enter                     0x080037f8   Section        0  irq.o(i.rt_interrupt_enter)
    i.rt_interrupt_get_nest                  0x0800381c   Section        0  irq.o(i.rt_interrupt_get_nest)
    i.rt_interrupt_leave                     0x08003828   Section        0  irq.o(i.rt_interrupt_leave)
    i.rt_ipc_list_resume                     0x0800384c   Section        0  ipc.o(i.rt_ipc_list_resume)
    rt_ipc_list_resume                       0x0800384d   Thumb Code    24  ipc.o(i.rt_ipc_list_resume)
    i.rt_ipc_list_suspend                    0x08003864   Section        0  ipc.o(i.rt_ipc_list_suspend)
    rt_ipc_list_suspend                      0x08003865   Thumb Code   108  ipc.o(i.rt_ipc_list_suspend)
    i.rt_ipc_object_init                     0x080038d0   Section        0  ipc.o(i.rt_ipc_object_init)
    rt_ipc_object_init                       0x080038d1   Thumb Code    16  ipc.o(i.rt_ipc_object_init)
    i.rt_kprintf                             0x080038e0   Section        0  kservice.o(i.rt_kprintf)
    i.rt_list_init                           0x08003948   Section        0  dataqueue.o(i.rt_list_init)
    rt_list_init                             0x08003949   Thumb Code     6  dataqueue.o(i.rt_list_init)
    i.rt_list_init                           0x0800394e   Section        0  ipc.o(i.rt_list_init)
    rt_list_init                             0x0800394f   Thumb Code     6  ipc.o(i.rt_list_init)
    i.rt_list_init                           0x08003954   Section        0  scheduler.o(i.rt_list_init)
    rt_list_init                             0x08003955   Thumb Code     6  scheduler.o(i.rt_list_init)
    i.rt_list_init                           0x0800395a   Section        0  timer.o(i.rt_list_init)
    rt_list_init                             0x0800395b   Thumb Code     6  timer.o(i.rt_list_init)
    i.rt_list_insert_after                   0x08003960   Section        0  object.o(i.rt_list_insert_after)
    rt_list_insert_after                     0x08003961   Thumb Code    14  object.o(i.rt_list_insert_after)
    i.rt_list_insert_after                   0x0800396e   Section        0  thread.o(i.rt_list_insert_after)
    rt_list_insert_after                     0x0800396f   Thumb Code    14  thread.o(i.rt_list_insert_after)
    i.rt_list_insert_after                   0x0800397c   Section        0  timer.o(i.rt_list_insert_after)
    rt_list_insert_after                     0x0800397d   Thumb Code    14  timer.o(i.rt_list_insert_after)
    i.rt_list_insert_before                  0x0800398a   Section        0  dataqueue.o(i.rt_list_insert_before)
    rt_list_insert_before                    0x0800398b   Thumb Code    14  dataqueue.o(i.rt_list_insert_before)
    i.rt_list_insert_before                  0x08003998   Section        0  ipc.o(i.rt_list_insert_before)
    rt_list_insert_before                    0x08003999   Thumb Code    14  ipc.o(i.rt_list_insert_before)
    i.rt_list_isempty                        0x080039a6   Section        0  dataqueue.o(i.rt_list_isempty)
    rt_list_isempty                          0x080039a7   Thumb Code    16  dataqueue.o(i.rt_list_isempty)
    i.rt_list_isempty                        0x080039b6   Section        0  completion.o(i.rt_list_isempty)
    rt_list_isempty                          0x080039b7   Thumb Code    16  completion.o(i.rt_list_isempty)
    i.rt_list_isempty                        0x080039c6   Section        0  ipc.o(i.rt_list_isempty)
    rt_list_isempty                          0x080039c7   Thumb Code    16  ipc.o(i.rt_list_isempty)
    i.rt_list_isempty                        0x080039d6   Section        0  timer.o(i.rt_list_isempty)
    rt_list_isempty                          0x080039d7   Thumb Code    16  timer.o(i.rt_list_isempty)
    i.rt_list_remove                         0x080039e6   Section        0  object.o(i.rt_list_remove)
    rt_list_remove                           0x080039e7   Thumb Code    18  object.o(i.rt_list_remove)
    i.rt_list_remove                         0x080039f8   Section        0  thread.o(i.rt_list_remove)
    rt_list_remove                           0x080039f9   Thumb Code    18  thread.o(i.rt_list_remove)
    i.rt_malloc                              0x08003a0c   Section        0  slab.o(i.rt_malloc)
    i.rt_memcpy                              0x08003cc4   Section        0  kservice.o(i.rt_memcpy)
    i.rt_memset                              0x08003d40   Section        0  kservice.o(i.rt_memset)
    i.rt_object_allocate                     0x08003d88   Section        0  object.o(i.rt_object_allocate)
    i.rt_object_delete                       0x08003e40   Section        0  object.o(i.rt_object_delete)
    i.rt_object_detach                       0x08003edc   Section        0  object.o(i.rt_object_detach)
    i.rt_object_init                         0x08003f30   Section        0  object.o(i.rt_object_init)
    i.rt_object_is_systemobject              0x08003f84   Section        0  object.o(i.rt_object_is_systemobject)
    i.rt_page_alloc                          0x08003fc0   Section        0  slab.o(i.rt_page_alloc)
    i.rt_page_free                           0x0800401c   Section        0  slab.o(i.rt_page_free)
    i.rt_page_init                           0x08004174   Section        0  slab.o(i.rt_page_init)
    rt_page_init                             0x08004175   Thumb Code    50  slab.o(i.rt_page_init)
    i.rt_schedule                            0x080041cc   Section        0  scheduler.o(i.rt_schedule)
    i.rt_schedule_insert_thread              0x08004270   Section        0  scheduler.o(i.rt_schedule_insert_thread)
    i.rt_schedule_remove_thread              0x080042e4   Section        0  scheduler.o(i.rt_schedule_remove_thread)
    i.rt_sem_init                            0x08004364   Section        0  ipc.o(i.rt_sem_init)
    i.rt_sem_release                         0x080043ac   Section        0  ipc.o(i.rt_sem_release)
    i.rt_sem_take                            0x08004400   Section        0  ipc.o(i.rt_sem_take)
    i.rt_serial_close                        0x08004588   Section        0  serial.o(i.rt_serial_close)
    rt_serial_close                          0x08004589   Thumb Code   286  serial.o(i.rt_serial_close)
    i.rt_serial_control                      0x0800470c   Section        0  serial.o(i.rt_serial_control)
    rt_serial_control                        0x0800470d   Thumb Code   108  serial.o(i.rt_serial_control)
    i.rt_serial_init                         0x0800478c   Section        0  serial.o(i.rt_serial_init)
    rt_serial_init                           0x0800478d   Thumb Code    52  serial.o(i.rt_serial_init)
    i.rt_serial_open                         0x080047d4   Section        0  serial.o(i.rt_serial_open)
    rt_serial_open                           0x080047d5   Thumb Code   468  serial.o(i.rt_serial_open)
    i.rt_serial_read                         0x08004a0c   Section        0  serial.o(i.rt_serial_read)
    rt_serial_read                           0x08004a0d   Thumb Code    88  serial.o(i.rt_serial_read)
    i.rt_serial_write                        0x08004a78   Section        0  serial.o(i.rt_serial_write)
    rt_serial_write                          0x08004a79   Thumb Code    88  serial.o(i.rt_serial_write)
    i.rt_set_errno                           0x08004ae4   Section        0  kservice.o(i.rt_set_errno)
    i.rt_show_version                        0x08004b0c   Section        0  kservice.o(i.rt_show_version)
    i.rt_strlen                              0x08004bbc   Section        0  kservice.o(i.rt_strlen)
    i.rt_strncmp                             0x08004bce   Section        0  kservice.o(i.rt_strncmp)
    i.rt_strncpy                             0x08004bf6   Section        0  kservice.o(i.rt_strncpy)
    i.rt_system_heap_init                    0x08004c2c   Section        0  slab.o(i.rt_system_heap_init)
    i.rt_system_scheduler_init               0x08004db0   Section        0  scheduler.o(i.rt_system_scheduler_init)
    i.rt_system_scheduler_start              0x08004e00   Section        0  scheduler.o(i.rt_system_scheduler_start)
    i.rt_system_timer_init                   0x08004e30   Section        0  timer.o(i.rt_system_timer_init)
    i.rt_system_timer_thread_init            0x08004e4c   Section        0  timer.o(i.rt_system_timer_thread_init)
    i.rt_thread_create                       0x08004e4e   Section        0  thread.o(i.rt_thread_create)
    i.rt_thread_delay                        0x08004e9e   Section        0  thread.o(i.rt_thread_delay)
    i.rt_thread_exit                         0x08004eac   Section        0  thread.o(i.rt_thread_exit)
    i.rt_thread_idle_entry                   0x08004f00   Section        0  idle.o(i.rt_thread_idle_entry)
    rt_thread_idle_entry                     0x08004f01   Thumb Code    20  idle.o(i.rt_thread_idle_entry)
    i.rt_thread_idle_excute                  0x08004f18   Section        0  idle.o(i.rt_thread_idle_excute)
    i.rt_thread_idle_init                    0x08004fe4   Section        0  idle.o(i.rt_thread_idle_init)
    i.rt_thread_init                         0x08005020   Section        0  thread.o(i.rt_thread_init)
    i.rt_thread_resume                       0x0800509c   Section        0  thread.o(i.rt_thread_resume)
    i.rt_thread_self                         0x08005104   Section        0  thread.o(i.rt_thread_self)
    i.rt_thread_sleep                        0x08005110   Section        0  thread.o(i.rt_thread_sleep)
    i.rt_thread_startup                      0x08005178   Section        0  thread.o(i.rt_thread_startup)
    i.rt_thread_suspend                      0x08005200   Section        0  thread.o(i.rt_thread_suspend)
    i.rt_thread_timeout                      0x08005264   Section        0  thread.o(i.rt_thread_timeout)
    i.rt_thread_yield                        0x080052e4   Section        0  thread.o(i.rt_thread_yield)
    i.rt_tick_get                            0x08005344   Section        0  clock.o(i.rt_tick_get)
    i.rt_tick_increase                       0x08005350   Section        0  clock.o(i.rt_tick_increase)
    i.rt_timer_check                         0x08005380   Section        0  timer.o(i.rt_timer_check)
    i.rt_timer_control                       0x0800541c   Section        0  timer.o(i.rt_timer_control)
    i.rt_timer_detach                        0x08005480   Section        0  timer.o(i.rt_timer_detach)
    i.rt_timer_init                          0x080054c4   Section        0  timer.o(i.rt_timer_init)
    i.rt_timer_start                         0x08005518   Section        0  timer.o(i.rt_timer_start)
    i.rt_timer_stop                          0x08005684   Section        0  timer.o(i.rt_timer_stop)
    i.rt_vsnprintf                           0x080056f0   Section        0  kservice.o(i.rt_vsnprintf)
    i.rti_board_end                          0x08005a18   Section        0  components.o(i.rti_board_end)
    rti_board_end                            0x08005a19   Thumb Code     4  components.o(i.rti_board_end)
    i.rti_board_start                        0x08005a1c   Section        0  components.o(i.rti_board_start)
    rti_board_start                          0x08005a1d   Thumb Code     4  components.o(i.rti_board_start)
    i.rti_end                                0x08005a20   Section        0  components.o(i.rti_end)
    rti_end                                  0x08005a21   Thumb Code     4  components.o(i.rti_end)
    i.rti_start                              0x08005a24   Section        0  components.o(i.rti_start)
    rti_start                                0x08005a25   Thumb Code     4  components.o(i.rti_start)
    i.rtthread_startup                       0x08005a28   Section        0  startup.o(i.rtthread_startup)
    i.skip_atoi                              0x08005a5c   Section        0  kservice.o(i.skip_atoi)
    skip_atoi                                0x08005a5d   Thumb Code    38  kservice.o(i.skip_atoi)
    i.stm32_configure                        0x08005a84   Section        0  usart.o(i.stm32_configure)
    stm32_configure                          0x08005a85   Thumb Code   190  usart.o(i.stm32_configure)
    i.stm32_control                          0x08005b6c   Section        0  usart.o(i.stm32_control)
    stm32_control                            0x08005b6d   Thumb Code   136  usart.o(i.stm32_control)
    i.stm32_getc                             0x08005c10   Section        0  usart.o(i.stm32_getc)
    stm32_getc                               0x08005c11   Thumb Code    42  usart.o(i.stm32_getc)
    i.stm32_putc                             0x08005c54   Section        0  usart.o(i.stm32_putc)
    stm32_putc                               0x08005c55   Thumb Code    42  usart.o(i.stm32_putc)
    i.uart_isr                               0x08005c98   Section        0  usart.o(i.uart_isr)
    uart_isr                                 0x08005c99   Thumb Code   108  usart.o(i.uart_isr)
    i.zoneindex                              0x08005d18   Section        0  slab.o(i.zoneindex)
    zoneindex                                0x08005d19   Thumb Code   206  slab.o(i.zoneindex)
    .constdata                               0x08005e04   Section       75  dataqueue.o(.constdata)
    __FUNCTION__                             0x08005e04   Data          19  dataqueue.o(.constdata)
    __FUNCTION__                             0x08005e17   Data          19  dataqueue.o(.constdata)
    __FUNCTION__                             0x08005e2a   Data          18  dataqueue.o(.constdata)
    __FUNCTION__                             0x08005e3c   Data          19  dataqueue.o(.constdata)
    .constdata                               0x08005e4f   Section       57  completion.o(.constdata)
    __FUNCTION__                             0x08005e4f   Data          19  completion.o(.constdata)
    __FUNCTION__                             0x08005e62   Data          19  completion.o(.constdata)
    __FUNCTION__                             0x08005e75   Data          19  completion.o(.constdata)
    .constdata                               0x08005e88   Section      168  device.o(.constdata)
    __FUNCTION__                             0x08005e88   Data          21  device.o(.constdata)
    __FUNCTION__                             0x08005e9d   Data          15  device.o(.constdata)
    __FUNCTION__                             0x08005eac   Data          15  device.o(.constdata)
    __FUNCTION__                             0x08005ebb   Data          16  device.o(.constdata)
    __FUNCTION__                             0x08005ecb   Data          15  device.o(.constdata)
    __FUNCTION__                             0x08005eda   Data          16  device.o(.constdata)
    __FUNCTION__                             0x08005eea   Data          18  device.o(.constdata)
    __FUNCTION__                             0x08005efc   Data          26  device.o(.constdata)
    __FUNCTION__                             0x08005f16   Data          26  device.o(.constdata)
    .constdata                               0x08005f30   Section       22  idle.o(.constdata)
    __FUNCTION__                             0x08005f30   Data          22  idle.o(.constdata)
    .constdata                               0x08005f46   Section      471  ipc.o(.constdata)
    __FUNCTION__                             0x08005f46   Data          12  ipc.o(.constdata)
    __FUNCTION__                             0x08005f52   Data          14  ipc.o(.constdata)
    __FUNCTION__                             0x08005f60   Data          14  ipc.o(.constdata)
    __FUNCTION__                             0x08005f6e   Data          14  ipc.o(.constdata)
    __FUNCTION__                             0x08005f7c   Data          12  ipc.o(.constdata)
    __FUNCTION__                             0x08005f88   Data          15  ipc.o(.constdata)
    __FUNCTION__                             0x08005f97   Data          14  ipc.o(.constdata)
    __FUNCTION__                             0x08005fa5   Data          16  ipc.o(.constdata)
    __FUNCTION__                             0x08005fb5   Data          16  ipc.o(.constdata)
    __FUNCTION__                             0x08005fc5   Data          16  ipc.o(.constdata)
    __FUNCTION__                             0x08005fd5   Data          14  ipc.o(.constdata)
    __FUNCTION__                             0x08005fe3   Data          17  ipc.o(.constdata)
    __FUNCTION__                             0x08005ff4   Data          14  ipc.o(.constdata)
    __FUNCTION__                             0x08006002   Data          16  ipc.o(.constdata)
    __FUNCTION__                             0x08006012   Data          16  ipc.o(.constdata)
    __FUNCTION__                             0x08006022   Data          16  ipc.o(.constdata)
    __FUNCTION__                             0x08006032   Data          14  ipc.o(.constdata)
    __FUNCTION__                             0x08006040   Data          14  ipc.o(.constdata)
    __FUNCTION__                             0x0800604e   Data          17  ipc.o(.constdata)
    __FUNCTION__                             0x0800605f   Data          11  ipc.o(.constdata)
    __FUNCTION__                             0x0800606a   Data          13  ipc.o(.constdata)
    __FUNCTION__                             0x08006077   Data          13  ipc.o(.constdata)
    __FUNCTION__                             0x08006084   Data          13  ipc.o(.constdata)
    __FUNCTION__                             0x08006091   Data          16  ipc.o(.constdata)
    __FUNCTION__                             0x080060a1   Data          11  ipc.o(.constdata)
    __FUNCTION__                             0x080060ac   Data          14  ipc.o(.constdata)
    __FUNCTION__                             0x080060ba   Data          11  ipc.o(.constdata)
    __FUNCTION__                             0x080060c5   Data          13  ipc.o(.constdata)
    __FUNCTION__                             0x080060d2   Data          13  ipc.o(.constdata)
    __FUNCTION__                             0x080060df   Data          13  ipc.o(.constdata)
    __FUNCTION__                             0x080060ec   Data          11  ipc.o(.constdata)
    __FUNCTION__                             0x080060f7   Data          13  ipc.o(.constdata)
    __FUNCTION__                             0x08006104   Data          11  ipc.o(.constdata)
    __FUNCTION__                             0x0800610f   Data          14  ipc.o(.constdata)
    .constdata                               0x0800611d   Section      290  kservice.o(.constdata)
    small_digits                             0x0800621d   Data          17  kservice.o(.constdata)
    large_digits                             0x0800622e   Data          17  kservice.o(.constdata)
    .constdata                               0x0800623f   Section       94  object.o(.constdata)
    __FUNCTION__                             0x0800623f   Data          17  object.o(.constdata)
    __FUNCTION__                             0x08006250   Data          19  object.o(.constdata)
    __FUNCTION__                             0x08006263   Data          17  object.o(.constdata)
    __FUNCTION__                             0x08006274   Data          26  object.o(.constdata)
    __FUNCTION__                             0x0800628e   Data          15  object.o(.constdata)
    .constdata                               0x0800629d   Section       78  scheduler.o(.constdata)
    __FUNCTION__                             0x0800629d   Data          26  scheduler.o(.constdata)
    __FUNCTION__                             0x080062b7   Data          26  scheduler.o(.constdata)
    __FUNCTION__                             0x080062d1   Data          26  scheduler.o(.constdata)
    .constdata                               0x080062eb   Section       75  slab.o(.constdata)
    __FUNCTION__                             0x080062eb   Data          13  slab.o(.constdata)
    __FUNCTION__                             0x080062f8   Data          13  slab.o(.constdata)
    __FUNCTION__                             0x08006305   Data          20  slab.o(.constdata)
    __FUNCTION__                             0x08006319   Data          10  slab.o(.constdata)
    __FUNCTION__                             0x08006323   Data          11  slab.o(.constdata)
    __FUNCTION__                             0x0800632e   Data           8  slab.o(.constdata)
    .constdata                               0x08006336   Section      170  thread.o(.constdata)
    __FUNCTION__                             0x08006336   Data          16  thread.o(.constdata)
    __FUNCTION__                             0x08006346   Data          15  thread.o(.constdata)
    __FUNCTION__                             0x08006355   Data          18  thread.o(.constdata)
    __FUNCTION__                             0x08006367   Data          17  thread.o(.constdata)
    __FUNCTION__                             0x08006378   Data          17  thread.o(.constdata)
    __FUNCTION__                             0x08006389   Data          16  thread.o(.constdata)
    __FUNCTION__                             0x08006399   Data          18  thread.o(.constdata)
    __FUNCTION__                             0x080063ab   Data          18  thread.o(.constdata)
    __FUNCTION__                             0x080063bd   Data          17  thread.o(.constdata)
    __FUNCTION__                             0x080063ce   Data          18  thread.o(.constdata)
    .constdata                               0x080063e0   Section       92  timer.o(.constdata)
    __FUNCTION__                             0x080063e0   Data          14  timer.o(.constdata)
    __FUNCTION__                             0x080063ee   Data          16  timer.o(.constdata)
    __FUNCTION__                             0x080063fe   Data          16  timer.o(.constdata)
    __FUNCTION__                             0x0800640e   Data          15  timer.o(.constdata)
    __FUNCTION__                             0x0800641d   Data          14  timer.o(.constdata)
    __FUNCTION__                             0x0800642b   Data          17  timer.o(.constdata)
    .constdata                               0x0800643c   Section       92  usart.o(.constdata)
    stm32_uart_ops                           0x0800643c   Data          20  usart.o(.constdata)
    __FUNCTION__                             0x08006450   Data          16  usart.o(.constdata)
    __FUNCTION__                             0x08006460   Data          14  usart.o(.constdata)
    __FUNCTION__                             0x0800646e   Data          11  usart.o(.constdata)
    __FUNCTION__                             0x08006479   Data          11  usart.o(.constdata)
    __FUNCTION__                             0x08006484   Data           9  usart.o(.constdata)
    .constdata                               0x08006498   Section      292  serial.o(.constdata)
    __FUNCTION__                             0x08006498   Data          16  serial.o(.constdata)
    __FUNCTION__                             0x080064a8   Data          16  serial.o(.constdata)
    __FUNCTION__                             0x080064b8   Data          15  serial.o(.constdata)
    __FUNCTION__                             0x080064c7   Data          15  serial.o(.constdata)
    __FUNCTION__                             0x080064d6   Data          23  serial.o(.constdata)
    __FUNCTION__                             0x080064ed   Data          29  serial.o(.constdata)
    __FUNCTION__                             0x0800650a   Data          29  serial.o(.constdata)
    __FUNCTION__                             0x08006527   Data          15  serial.o(.constdata)
    __FUNCTION__                             0x08006536   Data          15  serial.o(.constdata)
    __FUNCTION__                             0x08006545   Data          15  serial.o(.constdata)
    __FUNCTION__                             0x08006554   Data          16  serial.o(.constdata)
    __FUNCTION__                             0x08006564   Data          15  serial.o(.constdata)
    __FUNCTION__                             0x08006573   Data          16  serial.o(.constdata)
    __FUNCTION__                             0x08006583   Data          18  serial.o(.constdata)
    __FUNCTION__                             0x08006595   Data          22  serial.o(.constdata)
    __FUNCTION__                             0x080065ab   Data          17  serial.o(.constdata)
    .rti_fn.0                                0x080065bc   Section        4  components.o(.rti_fn.0)
    .rti_fn.0.end                            0x080065c0   Section        4  components.o(.rti_fn.0.end)
    .rti_fn.1.end                            0x080065c4   Section        4  components.o(.rti_fn.1.end)
    .rti_fn.6.end                            0x080065c8   Section        4  components.o(.rti_fn.6.end)
    .data                                    0x20000000   Section       20  stm32f10x_rcc.o(.data)
    APBAHBPrescTable                         0x20000000   Data          16  stm32f10x_rcc.o(.data)
    ADCPrescTable                            0x20000010   Data           4  stm32f10x_rcc.o(.data)
    .data                                    0x20000014   Section       20  system_stm32f10x.o(.data)
    .data                                    0x20000028   Section       16  cpuport.o(.data)
    rt_exception_hook                        0x20000034   Data           4  cpuport.o(.data)
    .data                                    0x20000038   Section        4  clock.o(.data)
    rt_tick                                  0x20000038   Data           4  clock.o(.data)
    .data                                    0x2000003c   Section        4  idle.o(.data)
    rt_thread_idle_hook                      0x2000003c   Data           4  idle.o(.data)
    .data                                    0x20000040   Section        1  irq.o(.data)
    .data                                    0x20000044   Section       12  kservice.o(.data)
    _errno                                   0x20000044   Data           4  kservice.o(.data)
    _console_device                          0x20000048   Data           4  kservice.o(.data)
    .data                                    0x20000050   Section      164  object.o(.data)
    rt_object_attach_hook                    0x200000e0   Data           4  object.o(.data)
    rt_object_detach_hook                    0x200000e4   Data           4  object.o(.data)
    .data                                    0x200000f4   Section       28  scheduler.o(.data)
    rt_scheduler_lock_nest                   0x200000f4   Data           2  scheduler.o(.data)
    rt_scheduler_hook                        0x2000010c   Data           4  scheduler.o(.data)
    .data                                    0x20000110   Section       52  slab.o(.data)
    used_mem                                 0x20000110   Data           4  slab.o(.data)
    max_mem                                  0x20000114   Data           4  slab.o(.data)
    rt_malloc_hook                           0x20000118   Data           4  slab.o(.data)
    rt_free_hook                             0x2000011c   Data           4  slab.o(.data)
    zone_free                                0x20000120   Data           4  slab.o(.data)
    zone_free_cnt                            0x20000124   Data           4  slab.o(.data)
    zone_size                                0x20000128   Data           4  slab.o(.data)
    zone_limit                               0x2000012c   Data           4  slab.o(.data)
    zone_page_cnt                            0x20000130   Data           4  slab.o(.data)
    memusage                                 0x20000134   Data           4  slab.o(.data)
    heap_start                               0x20000138   Data           4  slab.o(.data)
    heap_end                                 0x2000013c   Data           4  slab.o(.data)
    rt_page_list                             0x20000140   Data           4  slab.o(.data)
    .data                                    0x20000144   Section       16  timer.o(.data)
    rt_timer_list                            0x20000144   Data           8  timer.o(.data)
    rt_timer_timeout_hook                    0x2000014c   Data           4  timer.o(.data)
    random_nr                                0x20000150   Data           4  timer.o(.data)
    .data                                    0x20000154   Section       24  usart.o(.data)
    .data                                    0x2000016c   Section        4  serial.o(.data)
    rx_length                                0x2000016c   Data           4  serial.o(.data)
    .bss                                     0x20000170   Section      640  application.o(.bss)
    led_stack                                0x20000170   Data         512  application.o(.bss)
    led_thread                               0x20000370   Data         128  application.o(.bss)
    .bss                                     0x200003f0   Section      384  idle.o(.bss)
    idle                                     0x200003f0   Data         128  idle.o(.bss)
    rt_thread_stack                          0x20000470   Data         256  idle.o(.bss)
    .bss                                     0x20000570   Section      128  kservice.o(.bss)
    rt_log_buf                               0x20000570   Data         128  kservice.o(.bss)
    .bss                                     0x200005f0   Section      256  scheduler.o(.bss)
    .bss                                     0x200006f0   Section      320  slab.o(.bss)
    zone_array                               0x200006f0   Data         288  slab.o(.bss)
    heap_sem                                 0x20000810   Data          32  slab.o(.bss)
    .bss                                     0x20000830   Section       84  usart.o(.bss)
    .bss                                     0x20000884   Section       96  libspace.o(.bss)
    HEAP                                     0x200008e8   Section      512  startup_stm32f10x_md_vl.o(HEAP)
    Heap_Mem                                 0x200008e8   Data         512  startup_stm32f10x_md_vl.o(HEAP)
    STACK                                    0x20000ae8   Section     1024  startup_stm32f10x_md_vl.o(STACK)
    Stack_Mem                                0x20000ae8   Data        1024  startup_stm32f10x_md_vl.o(STACK)
    __initial_sp                             0x20000ee8   Data           0  startup_stm32f10x_md_vl.o(STACK)

    Global Symbols

    Symbol Name                              Value     Ov Type        Size  Object(Section)

    BuildAttributes$$THM_ISAv4$P$D$K$B$S$PE$A:L22UL41UL21$X:L11$S22US41US21$IEEE1$IW$USESV6$~STKCKD$USESV7$~SHL$OSPACE$ROPI$EBA8$UX$STANDARDLIB$REQ8$PRES8$EABIv2 0x00000000   Number         0  anon$$obj.o ABSOLUTE
    __ARM_use_no_argv                        0x00000000   Number         0  startup.o ABSOLUTE
    __ARM_exceptions_init                     - Undefined Weak Reference
    __alloca_initialize                       - Undefined Weak Reference
    __arm_preinit_                            - Undefined Weak Reference
    __cpp_initialize__aeabi_                  - Undefined Weak Reference
    __cxa_finalize                            - Undefined Weak Reference
    __rt_locale                               - Undefined Weak Reference
    __sigvec_lookup                           - Undefined Weak Reference
    _atexit_init                              - Undefined Weak Reference
    _call_atexit_fns                          - Undefined Weak Reference
    _clock_init                               - Undefined Weak Reference
    _fp_trap_init                             - Undefined Weak Reference
    _fp_trap_shutdown                         - Undefined Weak Reference
    _get_lc_collate                           - Undefined Weak Reference
    _get_lc_ctype                             - Undefined Weak Reference
    _get_lc_monetary                          - Undefined Weak Reference
    _get_lc_numeric                           - Undefined Weak Reference
    _get_lc_time                              - Undefined Weak Reference
    _getenv_init                              - Undefined Weak Reference
    _handle_redirection                       - Undefined Weak Reference
    _init_alloc                               - Undefined Weak Reference
    _init_user_alloc                          - Undefined Weak Reference
    _initio                                   - Undefined Weak Reference
    _rand_init                                - Undefined Weak Reference
    _signal_finish                            - Undefined Weak Reference
    _signal_init                              - Undefined Weak Reference
    _terminate_alloc                          - Undefined Weak Reference
    _terminate_user_alloc                     - Undefined Weak Reference
    _terminateio                              - Undefined Weak Reference
    __Vectors_Size                           0x00000120   Number         0  startup_stm32f10x_md_vl.o ABSOLUTE
    __Vectors                                0x08000000   Data           4  startup_stm32f10x_md_vl.o(RESET)
    __Vectors_End                            0x08000120   Data           0  startup_stm32f10x_md_vl.o(RESET)
    __main                                   0x08000121   Thumb Code     8  __main.o(!!!main)
    __scatterload                            0x08000129   Thumb Code     0  __scatter.o(!!!scatter)
    __scatterload_rt2                        0x08000129   Thumb Code    44  __scatter.o(!!!scatter)
    __scatterload_rt2_thumb_only             0x08000129   Thumb Code     0  __scatter.o(!!!scatter)
    __scatterload_null                       0x08000137   Thumb Code     0  __scatter.o(!!!scatter)
    __decompress                             0x0800015d   Thumb Code    90  __dczerorl2.o(!!dczerorl2)
    __decompress1                            0x0800015d   Thumb Code     0  __dczerorl2.o(!!dczerorl2)
    __scatterload_zeroinit                   0x080001b9   Thumb Code    28  __scatter_zi.o(!!handler_zi)
    __rt_lib_init                            0x080001d5   Thumb Code     0  libinit.o(.ARM.Collect$$libinit$$00000000)
    __rt_lib_init_alloca_1                   0x080001d7   Thumb Code     0  libinit2.o(.ARM.Collect$$libinit$$0000002E)
    __rt_lib_init_argv_1                     0x080001d7   Thumb Code     0  libinit2.o(.ARM.Collect$$libinit$$0000002C)
    __rt_lib_init_atexit_1                   0x080001d7   Thumb Code     0  libinit2.o(.ARM.Collect$$libinit$$0000001B)
    __rt_lib_init_clock_1                    0x080001d7   Thumb Code     0  libinit2.o(.ARM.Collect$$libinit$$00000021)
    __rt_lib_init_cpp_1                      0x080001d7   Thumb Code     0  libinit2.o(.ARM.Collect$$libinit$$00000032)
    __rt_lib_init_exceptions_1               0x080001d7   Thumb Code     0  libinit2.o(.ARM.Collect$$libinit$$00000030)
    __rt_lib_init_fp_1                       0x080001d7   Thumb Code     0  libinit2.o(.ARM.Collect$$libinit$$00000002)
    __rt_lib_init_fp_trap_1                  0x080001d7   Thumb Code     0  libinit2.o(.ARM.Collect$$libinit$$0000001F)
    __rt_lib_init_getenv_1                   0x080001d7   Thumb Code     0  libinit2.o(.ARM.Collect$$libinit$$00000023)
    __rt_lib_init_heap_1                     0x080001d7   Thumb Code     0  libinit2.o(.ARM.Collect$$libinit$$0000000A)
    __rt_lib_init_lc_collate_1               0x080001d7   Thumb Code     0  libinit2.o(.ARM.Collect$$libinit$$00000011)
    __rt_lib_init_lc_ctype_1                 0x080001d7   Thumb Code     0  libinit2.o(.ARM.Collect$$libinit$$00000013)
    __rt_lib_init_lc_monetary_1              0x080001d7   Thumb Code     0  libinit2.o(.ARM.Collect$$libinit$$00000015)
    __rt_lib_init_lc_numeric_1               0x080001d7   Thumb Code     0  libinit2.o(.ARM.Collect$$libinit$$00000017)
    __rt_lib_init_lc_time_1                  0x080001d7   Thumb Code     0  libinit2.o(.ARM.Collect$$libinit$$00000019)
    __rt_lib_init_preinit_1                  0x080001d7   Thumb Code     0  libinit2.o(.ARM.Collect$$libinit$$00000004)
    __rt_lib_init_rand_1                     0x080001d7   Thumb Code     0  libinit2.o(.ARM.Collect$$libinit$$0000000E)
    __rt_lib_init_return                     0x080001d7   Thumb Code     0  libinit2.o(.ARM.Collect$$libinit$$00000033)
    __rt_lib_init_signal_1                   0x080001d7   Thumb Code     0  libinit2.o(.ARM.Collect$$libinit$$0000001D)
    __rt_lib_init_stdio_1                    0x080001d7   Thumb Code     0  libinit2.o(.ARM.Collect$$libinit$$00000025)
    __rt_lib_init_user_alloc_1               0x080001d7   Thumb Code     0  libinit2.o(.ARM.Collect$$libinit$$0000000C)
    __rt_lib_shutdown                        0x080001d9   Thumb Code     0  libshutdown.o(.ARM.Collect$$libshutdown$$00000000)
    __rt_lib_shutdown_fp_trap_1              0x080001db   Thumb Code     0  libshutdown2.o(.ARM.Collect$$libshutdown$$00000006)
    __rt_lib_shutdown_heap_1                 0x080001db   Thumb Code     0  libshutdown2.o(.ARM.Collect$$libshutdown$$0000000E)
    __rt_lib_shutdown_return                 0x080001db   Thumb Code     0  libshutdown2.o(.ARM.Collect$$libshutdown$$0000000F)
    __rt_lib_shutdown_signal_1               0x080001db   Thumb Code     0  libshutdown2.o(.ARM.Collect$$libshutdown$$00000009)
    __rt_lib_shutdown_stdio_1                0x080001db   Thumb Code     0  libshutdown2.o(.ARM.Collect$$libshutdown$$00000003)
    __rt_lib_shutdown_user_alloc_1           0x080001db   Thumb Code     0  libshutdown2.o(.ARM.Collect$$libshutdown$$0000000B)
    __rt_entry                               0x080001dd   Thumb Code     0  __rtentry.o(.ARM.Collect$$rtentry$$00000000)
    __rt_entry_presh_1                       0x080001dd   Thumb Code     0  __rtentry2.o(.ARM.Collect$$rtentry$$00000002)
    __rt_entry_sh                            0x080001dd   Thumb Code     0  __rtentry4.o(.ARM.Collect$$rtentry$$00000004)
    __rt_entry_li                            0x080001e3   Thumb Code     0  __rtentry2.o(.ARM.Collect$$rtentry$$0000000A)
    __rt_entry_postsh_1                      0x080001e3   Thumb Code     0  __rtentry2.o(.ARM.Collect$$rtentry$$00000009)
    __rt_entry_main                          0x080001e7   Thumb Code     0  __rtentry2.o(.ARM.Collect$$rtentry$$0000000D)
    __rt_entry_postli_1                      0x080001e7   Thumb Code     0  __rtentry2.o(.ARM.Collect$$rtentry$$0000000C)
    __rt_exit                                0x080001ef   Thumb Code     0  rtexit.o(.ARM.Collect$$rtexit$$00000000)
    __rt_exit_ls                             0x080001f1   Thumb Code     0  rtexit2.o(.ARM.Collect$$rtexit$$00000003)
    __rt_exit_prels_1                        0x080001f1   Thumb Code     0  rtexit2.o(.ARM.Collect$$rtexit$$00000002)
    __rt_exit_exit                           0x080001f5   Thumb Code     0  rtexit2.o(.ARM.Collect$$rtexit$$00000004)
    Reset_Handler                            0x080001fd   Thumb Code     8  startup_stm32f10x_md_vl.o(.text)
    ADC1_IRQHandler                          0x08000217   Thumb Code     0  startup_stm32f10x_md_vl.o(.text)
    CEC_IRQHandler                           0x08000217   Thumb Code     0  startup_stm32f10x_md_vl.o(.text)
    DMA1_Channel1_IRQHandler                 0x08000217   Thumb Code     0  startup_stm32f10x_md_vl.o(.text)
    DMA1_Channel2_IRQHandler                 0x08000217   Thumb Code     0  startup_stm32f10x_md_vl.o(.text)
    DMA1_Channel3_IRQHandler                 0x08000217   Thumb Code     0  startup_stm32f10x_md_vl.o(.text)
    DMA1_Channel4_IRQHandler                 0x08000217   Thumb Code     0  startup_stm32f10x_md_vl.o(.text)
    DMA1_Channel6_IRQHandler                 0x08000217   Thumb Code     0  startup_stm32f10x_md_vl.o(.text)
    DMA1_Channel7_IRQHandler                 0x08000217   Thumb Code     0  startup_stm32f10x_md_vl.o(.text)
    EXTI0_IRQHandler                         0x08000217   Thumb Code     0  startup_stm32f10x_md_vl.o(.text)
    EXTI15_10_IRQHandler                     0x08000217   Thumb Code     0  startup_stm32f10x_md_vl.o(.text)
    EXTI1_IRQHandler                         0x08000217   Thumb Code     0  startup_stm32f10x_md_vl.o(.text)
    EXTI2_IRQHandler                         0x08000217   Thumb Code     0  startup_stm32f10x_md_vl.o(.text)
    EXTI3_IRQHandler                         0x08000217   Thumb Code     0  startup_stm32f10x_md_vl.o(.text)
    EXTI4_IRQHandler                         0x08000217   Thumb Code     0  startup_stm32f10x_md_vl.o(.text)
    EXTI9_5_IRQHandler                       0x08000217   Thumb Code     0  startup_stm32f10x_md_vl.o(.text)
    FLASH_IRQHandler                         0x08000217   Thumb Code     0  startup_stm32f10x_md_vl.o(.text)
    I2C1_ER_IRQHandler                       0x08000217   Thumb Code     0  startup_stm32f10x_md_vl.o(.text)
    I2C1_EV_IRQHandler                       0x08000217   Thumb Code     0  startup_stm32f10x_md_vl.o(.text)
    I2C2_ER_IRQHandler                       0x08000217   Thumb Code     0  startup_stm32f10x_md_vl.o(.text)
    I2C2_EV_IRQHandler                       0x08000217   Thumb Code     0  startup_stm32f10x_md_vl.o(.text)
    PVD_IRQHandler                           0x08000217   Thumb Code     0  startup_stm32f10x_md_vl.o(.text)
    RCC_IRQHandler                           0x08000217   Thumb Code     0  startup_stm32f10x_md_vl.o(.text)
    RTCAlarm_IRQHandler                      0x08000217   Thumb Code     0  startup_stm32f10x_md_vl.o(.text)
    RTC_IRQHandler                           0x08000217   Thumb Code     0  startup_stm32f10x_md_vl.o(.text)
    SPI1_IRQHandler                          0x08000217   Thumb Code     0  startup_stm32f10x_md_vl.o(.text)
    SPI2_IRQHandler                          0x08000217   Thumb Code     0  startup_stm32f10x_md_vl.o(.text)
    TAMPER_IRQHandler                        0x08000217   Thumb Code     0  startup_stm32f10x_md_vl.o(.text)
    TIM1_BRK_TIM15_IRQHandler                0x08000217   Thumb Code     0  startup_stm32f10x_md_vl.o(.text)
    TIM1_CC_IRQHandler                       0x08000217   Thumb Code     0  startup_stm32f10x_md_vl.o(.text)
    TIM1_TRG_COM_TIM17_IRQHandler            0x08000217   Thumb Code     0  startup_stm32f10x_md_vl.o(.text)
    TIM1_UP_TIM16_IRQHandler                 0x08000217   Thumb Code     0  startup_stm32f10x_md_vl.o(.text)
    TIM2_IRQHandler                          0x08000217   Thumb Code     0  startup_stm32f10x_md_vl.o(.text)
    TIM3_IRQHandler                          0x08000217   Thumb Code     0  startup_stm32f10x_md_vl.o(.text)
    TIM4_IRQHandler                          0x08000217   Thumb Code     0  startup_stm32f10x_md_vl.o(.text)
    TIM6_DAC_IRQHandler                      0x08000217   Thumb Code     0  startup_stm32f10x_md_vl.o(.text)
    TIM7_IRQHandler                          0x08000217   Thumb Code     0  startup_stm32f10x_md_vl.o(.text)
    USART2_IRQHandler                        0x08000217   Thumb Code     0  startup_stm32f10x_md_vl.o(.text)
    USART3_IRQHandler                        0x08000217   Thumb Code     0  startup_stm32f10x_md_vl.o(.text)
    WWDG_IRQHandler                          0x08000217   Thumb Code     0  startup_stm32f10x_md_vl.o(.text)
    __user_initial_stackheap                 0x08000219   Thumb Code     0  startup_stm32f10x_md_vl.o(.text)
    rt_hw_interrupt_disable                  0x0800023d   Thumb Code     8  context_rvds.o(.text)
    rt_hw_interrupt_enable                   0x08000245   Thumb Code     6  context_rvds.o(.text)
    rt_hw_context_switch                     0x0800024b   Thumb Code    30  context_rvds.o(.text)
    rt_hw_context_switch_interrupt           0x0800024b   Thumb Code     0  context_rvds.o(.text)
    PendSV_Handler                           0x08000269   Thumb Code    84  context_rvds.o(.text)
    rt_hw_context_switch_to                  0x080002bd   Thumb Code    48  context_rvds.o(.text)
    rt_hw_interrupt_thread_switch            0x080002ed   Thumb Code     2  context_rvds.o(.text)
    HardFault_Handler                        0x080002ef   Thumb Code    12  context_rvds.o(.text)
    __use_two_region_memory                  0x08000315   Thumb Code     2  heapauxi.o(.text)
    __rt_heap_escrow$2region                 0x08000317   Thumb Code     2  heapauxi.o(.text)
    __rt_heap_expand$2region                 0x08000319   Thumb Code     2  heapauxi.o(.text)
    __user_setup_stackheap                   0x0800031b   Thumb Code    74  sys_stackheap_outer.o(.text)
    exit                                     0x08000365   Thumb Code    12  exit.o(.text)
    __user_libspace                          0x08000371   Thumb Code     8  libspace.o(.text)
    __user_perproc_libspace                  0x08000371   Thumb Code     0  libspace.o(.text)
    __user_perthread_libspace                0x08000371   Thumb Code     0  libspace.o(.text)
    _sys_exit                                0x08000379   Thumb Code     8  sys_exit.o(.text)
    __I$use$semihosting                      0x08000385   Thumb Code     0  use_no_semi.o(.text)
    __use_no_semihosting_swi                 0x08000385   Thumb Code     2  use_no_semi.o(.text)
    BusFault_Handler                         0x08000387   Thumb Code     4  stm32f10x_it.o(i.BusFault_Handler)
    __semihosting_library_function           0x08000387   Thumb Code     0  indicate_semi.o(.text)
    DMA1_Channel5_IRQHandler                 0x0800038d   Thumb Code    18  usart.o(i.DMA1_Channel5_IRQHandler)
    DMA_ClearFlag                            0x080003a5   Thumb Code    48  stm32f10x_dma.o(i.DMA_ClearFlag)
    DMA_Cmd                                  0x08000415   Thumb Code   152  stm32f10x_dma.o(i.DMA_Cmd)
    DMA_DeInit                               0x08000591   Thumb Code   430  stm32f10x_dma.o(i.DMA_DeInit)
    DMA_GetCurrDataCounter                   0x0800077d   Thumb Code   114  stm32f10x_dma.o(i.DMA_GetCurrDataCounter)
    DMA_ITConfig                             0x0800082d   Thumb Code   168  stm32f10x_dma.o(i.DMA_ITConfig)
    DMA_Init                                 0x08000911   Thumb Code   388  stm32f10x_dma.o(i.DMA_Init)
    DMA_SetCurrDataCounter                   0x08000ad1   Thumb Code   114  stm32f10x_dma.o(i.DMA_SetCurrDataCounter)
    DebugMon_Handler                         0x08000b81   Thumb Code     2  stm32f10x_it.o(i.DebugMon_Handler)
    GPIO_Init                                0x08000bbd   Thumb Code   378  stm32f10x_gpio.o(i.GPIO_Init)
    GPIO_ResetBits                           0x08000d89   Thumb Code    82  stm32f10x_gpio.o(i.GPIO_ResetBits)
    GPIO_SetBits                             0x08000e2d   Thumb Code    82  stm32f10x_gpio.o(i.GPIO_SetBits)
    MemManage_Handler                        0x08000ed1   Thumb Code     4  stm32f10x_it.o(i.MemManage_Handler)
    NMI_Handler                              0x08000ed5   Thumb Code     2  stm32f10x_it.o(i.NMI_Handler)
    NVIC_Configuration                       0x08000ed7   Thumb Code    14  board.o(i.NVIC_Configuration)
    NVIC_Init                                0x08000f09   Thumb Code   158  misc.o(i.NVIC_Init)
    NVIC_SetVectorTable                      0x08000fe1   Thumb Code    58  misc.o(i.NVIC_SetVectorTable)
    RCC_AHBPeriphClockCmd                    0x08001055   Thumb Code    74  stm32f10x_rcc.o(i.RCC_AHBPeriphClockCmd)
    RCC_APB2PeriphClockCmd                   0x080010d9   Thumb Code    70  stm32f10x_rcc.o(i.RCC_APB2PeriphClockCmd)
    RCC_GetClocksFreq                        0x08001171   Thumb Code   190  stm32f10x_rcc.o(i.RCC_GetClocksFreq)
    SVC_Handler                              0x08001245   Thumb Code     2  stm32f10x_it.o(i.SVC_Handler)
    SysTick_Handler                          0x08001309   Thumb Code    16  board.o(i.SysTick_Handler)
    SystemInit                               0x08001319   Thumb Code    82  system_stm32f10x.o(i.SystemInit)
    USART1_IRQHandler                        0x0800137d   Thumb Code    18  usart.o(i.USART1_IRQHandler)
    USART_ClearITPendingBit                  0x08001395   Thumb Code   152  stm32f10x_usart.o(i.USART_ClearITPendingBit)
    USART_Cmd                                0x08001475   Thumb Code    90  stm32f10x_usart.o(i.USART_Cmd)
    USART_DMACmd                             0x08001519   Thumb Code   108  stm32f10x_usart.o(i.USART_DMACmd)
    USART_GetFlagStatus                      0x080015cd   Thumb Code   158  stm32f10x_usart.o(i.USART_GetFlagStatus)
    USART_GetITStatus                        0x080016b5   Thumb Code   252  stm32f10x_usart.o(i.USART_GetITStatus)
    USART_ITConfig                           0x080017f9   Thumb Code   248  stm32f10x_usart.o(i.USART_ITConfig)
    USART_Init                               0x08001939   Thumb Code   450  stm32f10x_usart.o(i.USART_Init)
    USART_ReceiveData                        0x08001b49   Thumb Code    54  stm32f10x_usart.o(i.USART_ReceiveData)
    UsageFault_Handler                       0x08001bc9   Thumb Code     4  stm32f10x_it.o(i.UsageFault_Handler)
    __rt_ffs                                 0x08001bcd   Thumb Code    70  kservice.o(i.__rt_ffs)
    assert_failed                            0x080021b9   Thumb Code    30  startup.o(i.assert_failed)
    main                                     0x0800232d   Thumb Code    14  startup.o(i.main)
    rt_application_init                      0x080024c9   Thumb Code    78  application.o(i.rt_application_init)
    rt_assert_handler                        0x08002535   Thumb Code    56  kservice.o(i.rt_assert_handler)
    rt_completion_done                       0x080025a9   Thumb Code    76  completion.o(i.rt_completion_done)
    rt_completion_init                       0x08002611   Thumb Code    42  completion.o(i.rt_completion_init)
    rt_completion_wait                       0x08002659   Thumb Code   198  completion.o(i.rt_completion_wait)
    rt_components_board_init                 0x08002795   Thumb Code    20  components.o(i.rt_components_board_init)
    rt_components_init                       0x080027b1   Thumb Code    20  components.o(i.rt_components_init)
    rt_console_set_device                    0x080027cd   Thumb Code    48  kservice.o(i.rt_console_set_device)
    rt_data_queue_init                       0x08002801   Thumb Code    78  dataqueue.o(i.rt_data_queue_init)
    rt_data_queue_peak                       0x08002869   Thumb Code    94  dataqueue.o(i.rt_data_queue_peak)
    rt_data_queue_pop                        0x080028e1   Thumb Code   340  dataqueue.o(i.rt_data_queue_pop)
    rt_data_queue_push                       0x08002a99   Thumb Code   276  dataqueue.o(i.rt_data_queue_push)
    rt_device_close                          0x08002bed   Thumb Code    68  device.o(i.rt_device_close)
    rt_device_find                           0x08002c45   Thumb Code    76  device.o(i.rt_device_find)
    rt_device_open                           0x08002c95   Thumb Code   136  device.o(i.rt_device_open)
    rt_device_register                       0x08002d7d   Thumb Code    52  device.o(i.rt_device_register)
    rt_device_write                          0x08002db1   Thumb Code    76  device.o(i.rt_device_write)
    rt_enter_critical                        0x08002fa9   Thumb Code    28  scheduler.o(i.rt_enter_critical)
    rt_exit_critical                         0x08002fc9   Thumb Code    54  scheduler.o(i.rt_exit_critical)
    rt_free                                  0x08003005   Thumb Code   406  slab.o(i.rt_free)
    rt_hw_board_init                         0x080031ed   Thumb Code   100  board.o(i.rt_hw_board_init)
    rt_hw_console_output                     0x08003265   Thumb Code     2  kservice.o(i.rt_hw_console_output)
    rt_hw_hard_fault_exception               0x08003269   Thumb Code   190  cpuport.o(i.rt_hw_hard_fault_exception)
    rt_hw_led_init                           0x08003469   Thumb Code    54  led.o(i.rt_hw_led_init)
    rt_hw_led_off                            0x080034a9   Thumb Code    40  led.o(i.rt_hw_led_off)
    rt_hw_led_on                             0x080034d9   Thumb Code    40  led.o(i.rt_hw_led_on)
    rt_hw_serial_isr                         0x08003509   Thumb Code   368  serial.o(i.rt_hw_serial_isr)
    rt_hw_serial_register                    0x080036cd   Thumb Code    76  serial.o(i.rt_hw_serial_register)
    rt_hw_stack_init                         0x08003749   Thumb Code    70  cpuport.o(i.rt_hw_stack_init)
    rt_hw_usart_init                         0x08003795   Thumb Code    64  usart.o(i.rt_hw_usart_init)
    rt_init_thread_entry                     0x080037ed   Thumb Code    10  application.o(i.rt_init_thread_entry)
    rt_interrupt_enter                       0x080037f9   Thumb Code    30  irq.o(i.rt_interrupt_enter)
    rt_interrupt_get_nest                    0x0800381d   Thumb Code     6  irq.o(i.rt_interrupt_get_nest)
    rt_interrupt_leave                       0x08003829   Thumb Code    30  irq.o(i.rt_interrupt_leave)
    rt_kprintf                               0x080038e1   Thumb Code    96  kservice.o(i.rt_kprintf)
    rt_malloc                                0x08003a0d   Thumb Code   610  slab.o(i.rt_malloc)
    rt_memcpy                                0x08003cc5   Thumb Code   124  kservice.o(i.rt_memcpy)
    rt_memset                                0x08003d41   Thumb Code    72  kservice.o(i.rt_memset)
    rt_object_allocate                       0x08003d89   Thumb Code   132  object.o(i.rt_object_allocate)
    rt_object_delete                         0x08003e41   Thumb Code    84  object.o(i.rt_object_delete)
    rt_object_detach                         0x08003edd   Thumb Code    56  object.o(i.rt_object_detach)
    rt_object_init                           0x08003f31   Thumb Code    76  object.o(i.rt_object_init)
    rt_object_is_systemobject                0x08003f85   Thumb Code    34  object.o(i.rt_object_is_systemobject)
    rt_page_alloc                            0x08003fc1   Thumb Code    84  slab.o(i.rt_page_alloc)
    rt_page_free                             0x0800401d   Thumb Code   220  slab.o(i.rt_page_free)
    rt_schedule                              0x080041cd   Thumb Code   134  scheduler.o(i.rt_schedule)
    rt_schedule_insert_thread                0x08004271   Thumb Code    82  scheduler.o(i.rt_schedule_insert_thread)
    rt_schedule_remove_thread                0x080042e5   Thumb Code    94  scheduler.o(i.rt_schedule_remove_thread)
    rt_sem_init                              0x08004365   Thumb Code    50  ipc.o(i.rt_sem_init)
    rt_sem_release                           0x080043ad   Thumb Code    80  ipc.o(i.rt_sem_release)
    rt_sem_take                              0x08004401   Thumb Code   266  ipc.o(i.rt_sem_take)
    rt_set_errno                             0x08004ae5   Thumb Code    36  kservice.o(i.rt_set_errno)
    rt_show_version                          0x08004b0d   Thumb Code    38  kservice.o(i.rt_show_version)
    rt_strlen                                0x08004bbd   Thumb Code    18  kservice.o(i.rt_strlen)
    rt_strncmp                               0x08004bcf   Thumb Code    40  kservice.o(i.rt_strncmp)
    rt_strncpy                               0x08004bf7   Thumb Code    52  kservice.o(i.rt_strncpy)
    rt_system_heap_init                      0x08004c2d   Thumb Code   256  slab.o(i.rt_system_heap_init)
    rt_system_scheduler_init                 0x08004db1   Thumb Code    56  scheduler.o(i.rt_system_scheduler_init)
    rt_system_scheduler_start                0x08004e01   Thumb Code    36  scheduler.o(i.rt_system_scheduler_start)
    rt_system_timer_init                     0x08004e31   Thumb Code    24  timer.o(i.rt_system_timer_init)
    rt_system_timer_thread_init              0x08004e4d   Thumb Code     2  timer.o(i.rt_system_timer_thread_init)
    rt_thread_create                         0x08004e4f   Thumb Code    80  thread.o(i.rt_thread_create)
    rt_thread_delay                          0x08004e9f   Thumb Code    12  thread.o(i.rt_thread_delay)
    rt_thread_exit                           0x08004ead   Thumb Code    76  thread.o(i.rt_thread_exit)
    rt_thread_idle_excute                    0x08004f19   Thumb Code   154  idle.o(i.rt_thread_idle_excute)
    rt_thread_idle_init                      0x08004fe5   Thumb Code    38  idle.o(i.rt_thread_idle_init)
    rt_thread_init                           0x08005021   Thumb Code    74  thread.o(i.rt_thread_init)
    rt_thread_resume                         0x0800509d   Thumb Code    78  thread.o(i.rt_thread_resume)
    rt_thread_self                           0x08005105   Thumb Code     6  thread.o(i.rt_thread_self)
    rt_thread_sleep                          0x08005111   Thumb Code    76  thread.o(i.rt_thread_sleep)
    rt_thread_startup                        0x08005179   Thumb Code    80  thread.o(i.rt_thread_startup)
    rt_thread_suspend                        0x08005201   Thumb Code    76  thread.o(i.rt_thread_suspend)
    rt_thread_timeout                        0x08005265   Thumb Code    66  thread.o(i.rt_thread_timeout)
    rt_thread_yield                          0x080052e5   Thumb Code    88  thread.o(i.rt_thread_yield)
    rt_tick_get                              0x08005345   Thumb Code     6  clock.o(i.rt_tick_get)
    rt_tick_increase                         0x08005351   Thumb Code    42  clock.o(i.rt_tick_increase)
    rt_timer_check                           0x08005381   Thumb Code   148  timer.o(i.rt_timer_check)
    rt_timer_control                         0x0800541d   Thumb Code    76  timer.o(i.rt_timer_control)
    rt_timer_detach                          0x08005481   Thumb Code    44  timer.o(i.rt_timer_detach)
    rt_timer_init                            0x080054c5   Thumb Code    58  timer.o(i.rt_timer_init)
    rt_timer_start                           0x08005519   Thumb Code   292  timer.o(i.rt_timer_start)
    rt_timer_stop                            0x08005685   Thumb Code    80  timer.o(i.rt_timer_stop)
    rt_vsnprintf                             0x080056f1   Thumb Code   800  kservice.o(i.rt_vsnprintf)
    rtthread_startup                         0x08005a29   Thumb Code    46  startup.o(i.rtthread_startup)
    __lowest_bit_bitmap                      0x0800611d   Data         256  kservice.o(.constdata)
    __rt_init_rti_start                      0x080065bc   Data           4  components.o(.rti_fn.0)
    __rt_init_rti_board_start                0x080065c0   Data           4  components.o(.rti_fn.0.end)
    __rt_init_rti_board_end                  0x080065c4   Data           4  components.o(.rti_fn.1.end)
    __rt_init_rti_end                        0x080065c8   Data           4  components.o(.rti_fn.6.end)
    Region$$Table$$Base                      0x080065cc   Number         0  anon$$obj.o(Region$$Table)
    Region$$Table$$Limit                     0x080065ec   Number         0  anon$$obj.o(Region$$Table)
    SystemCoreClock                          0x20000014   Data           4  system_stm32f10x.o(.data)
    AHBPrescTable                            0x20000018   Data          16  system_stm32f10x.o(.data)
    rt_interrupt_from_thread                 0x20000028   Data           4  cpuport.o(.data)
    rt_interrupt_to_thread                   0x2000002c   Data           4  cpuport.o(.data)
    rt_thread_switch_interrupt_flag          0x20000030   Data           4  cpuport.o(.data)
    rt_interrupt_nest                        0x20000040   Data           1  irq.o(.data)
    rt_assert_hook                           0x2000004c   Data           4  kservice.o(.data)
    rt_object_container                      0x20000050   Data         144  object.o(.data)
    rt_object_trytake_hook                   0x200000e8   Data           4  object.o(.data)
    rt_object_take_hook                      0x200000ec   Data           4  object.o(.data)
    rt_object_put_hook                       0x200000f0   Data           4  object.o(.data)
    rt_current_thread                        0x200000f8   Data           4  scheduler.o(.data)
    rt_current_priority                      0x200000fc   Data           1  scheduler.o(.data)
    rt_thread_ready_priority_group           0x20000100   Data           4  scheduler.o(.data)
    rt_thread_defunct                        0x20000104   Data           8  scheduler.o(.data)
    uart1                                    0x20000154   Data          24  usart.o(.data)
    rt_thread_priority_table                 0x200005f0   Data         256  scheduler.o(.bss)
    serial1                                  0x20000830   Data          84  usart.o(.bss)
    __libspace_start                         0x20000884   Data          96  libspace.o(.bss)
    __temporary_stack_top$libspace           0x200008e4   Data           0  libspace.o(.bss)
    Image$$RW_IRAM1$$ZI$$Limit               0x20000ee8   Number         0  anon$$obj.o ABSOLUTE



==============================================================================

Memory Map of the image

  Image Entry point : 0x08000121

  Load Region LR_IROM1 (Base: 0x08000000, Size: 0x0000675c, Max: 0x00010000, ABSOLUTE, COMPRESSED[0x00006664])

    Execution Region ER_IROM1 (Base: 0x08000000, Size: 0x000065ec, Max: 0x00010000, ABSOLUTE)

    Base Addr    Size         Type   Attr      Idx    E Section Name        Object

    0x08000000   0x00000120   Data   RO         1749    RESET               startup_stm32f10x_md_vl.o
    0x08000120   0x00000008   Code   RO         3332  * !!!main             c_w.l(__main.o)
    0x08000128   0x00000034   Code   RO         3490    !!!scatter          c_w.l(__scatter.o)
    0x0800015c   0x0000005a   Code   RO         3488    !!dczerorl2         c_w.l(__dczerorl2.o)
    0x080001b6   0x00000002   PAD
    0x080001b8   0x0000001c   Code   RO         3492    !!handler_zi        c_w.l(__scatter_zi.o)
    0x080001d4   0x00000002   Code   RO         3359    .ARM.Collect$$libinit$$00000000  c_w.l(libinit.o)
    0x080001d6   0x00000000   Code   RO         3366    .ARM.Collect$$libinit$$00000002  c_w.l(libinit2.o)
    0x080001d6   0x00000000   Code   RO         3368    .ARM.Collect$$libinit$$00000004  c_w.l(libinit2.o)
    0x080001d6   0x00000000   Code   RO         3371    .ARM.Collect$$libinit$$0000000A  c_w.l(libinit2.o)
    0x080001d6   0x00000000   Code   RO         3373    .ARM.Collect$$libinit$$0000000C  c_w.l(libinit2.o)
    0x080001d6   0x00000000   Code   RO         3375    .ARM.Collect$$libinit$$0000000E  c_w.l(libinit2.o)
    0x080001d6   0x00000000   Code   RO         3378    .ARM.Collect$$libinit$$00000011  c_w.l(libinit2.o)
    0x080001d6   0x00000000   Code   RO         3380    .ARM.Collect$$libinit$$00000013  c_w.l(libinit2.o)
    0x080001d6   0x00000000   Code   RO         3382    .ARM.Collect$$libinit$$00000015  c_w.l(libinit2.o)
    0x080001d6   0x00000000   Code   RO         3384    .ARM.Collect$$libinit$$00000017  c_w.l(libinit2.o)
    0x080001d6   0x00000000   Code   RO         3386    .ARM.Collect$$libinit$$00000019  c_w.l(libinit2.o)
    0x080001d6   0x00000000   Code   RO         3388    .ARM.Collect$$libinit$$0000001B  c_w.l(libinit2.o)
    0x080001d6   0x00000000   Code   RO         3390    .ARM.Collect$$libinit$$0000001D  c_w.l(libinit2.o)
    0x080001d6   0x00000000   Code   RO         3392    .ARM.Collect$$libinit$$0000001F  c_w.l(libinit2.o)
    0x080001d6   0x00000000   Code   RO         3394    .ARM.Collect$$libinit$$00000021  c_w.l(libinit2.o)
    0x080001d6   0x00000000   Code   RO         3396    .ARM.Collect$$libinit$$00000023  c_w.l(libinit2.o)
    0x080001d6   0x00000000   Code   RO         3398    .ARM.Collect$$libinit$$00000025  c_w.l(libinit2.o)
    0x080001d6   0x00000000   Code   RO         3402    .ARM.Collect$$libinit$$0000002C  c_w.l(libinit2.o)
    0x080001d6   0x00000000   Code   RO         3404    .ARM.Collect$$libinit$$0000002E  c_w.l(libinit2.o)
    0x080001d6   0x00000000   Code   RO         3406    .ARM.Collect$$libinit$$00000030  c_w.l(libinit2.o)
    0x080001d6   0x00000000   Code   RO         3408    .ARM.Collect$$libinit$$00000032  c_w.l(libinit2.o)
    0x080001d6   0x00000002   Code   RO         3409    .ARM.Collect$$libinit$$00000033  c_w.l(libinit2.o)
    0x080001d8   0x00000002   Code   RO         3429    .ARM.Collect$$libshutdown$$00000000  c_w.l(libshutdown.o)
    0x080001da   0x00000000   Code   RO         3443    .ARM.Collect$$libshutdown$$00000003  c_w.l(libshutdown2.o)
    0x080001da   0x00000000   Code   RO         3446    .ARM.Collect$$libshutdown$$00000006  c_w.l(libshutdown2.o)
    0x080001da   0x00000000   Code   RO         3449    .ARM.Collect$$libshutdown$$00000009  c_w.l(libshutdown2.o)
    0x080001da   0x00000000   Code   RO         3451    .ARM.Collect$$libshutdown$$0000000B  c_w.l(libshutdown2.o)
    0x080001da   0x00000000   Code   RO         3454    .ARM.Collect$$libshutdown$$0000000E  c_w.l(libshutdown2.o)
    0x080001da   0x00000002   Code   RO         3455    .ARM.Collect$$libshutdown$$0000000F  c_w.l(libshutdown2.o)
    0x080001dc   0x00000000   Code   RO         3334    .ARM.Collect$$rtentry$$00000000  c_w.l(__rtentry.o)
    0x080001dc   0x00000000   Code   RO         3336    .ARM.Collect$$rtentry$$00000002  c_w.l(__rtentry2.o)
    0x080001dc   0x00000006   Code   RO         3348    .ARM.Collect$$rtentry$$00000004  c_w.l(__rtentry4.o)
    0x080001e2   0x00000000   Code   RO         3338    .ARM.Collect$$rtentry$$00000009  c_w.l(__rtentry2.o)
    0x080001e2   0x00000004   Code   RO         3339    .ARM.Collect$$rtentry$$0000000A  c_w.l(__rtentry2.o)
    0x080001e6   0x00000000   Code   RO         3341    .ARM.Collect$$rtentry$$0000000C  c_w.l(__rtentry2.o)
    0x080001e6   0x00000008   Code   RO         3342    .ARM.Collect$$rtentry$$0000000D  c_w.l(__rtentry2.o)
    0x080001ee   0x00000002   Code   RO         3363    .ARM.Collect$$rtexit$$00000000  c_w.l(rtexit.o)
    0x080001f0   0x00000000   Code   RO         3411    .ARM.Collect$$rtexit$$00000002  c_w.l(rtexit2.o)
    0x080001f0   0x00000004   Code   RO         3412    .ARM.Collect$$rtexit$$00000003  c_w.l(rtexit2.o)
    0x080001f4   0x00000006   Code   RO         3413    .ARM.Collect$$rtexit$$00000004  c_w.l(rtexit2.o)
    0x080001fa   0x00000002   PAD
    0x080001fc   0x00000040   Code   RO         1750    .text               startup_stm32f10x_md_vl.o
    0x0800023c   0x000000d8   Code   RO         1755    .text               context_rvds.o
    0x08000314   0x00000006   Code   RO         3330    .text               c_w.l(heapauxi.o)
    0x0800031a   0x0000004a   Code   RO         3350    .text               c_w.l(sys_stackheap_outer.o)
    0x08000364   0x0000000c   Code   RO         3352    .text               c_w.l(exit.o)
    0x08000370   0x00000008   Code   RO         3360    .text               c_w.l(libspace.o)
    0x08000378   0x0000000c   Code   RO         3421    .text               c_w.l(sys_exit.o)
    0x08000384   0x00000002   Code   RO         3432    .text               c_w.l(use_no_semi.o)
    0x08000386   0x00000000   Code   RO         3434    .text               c_w.l(indicate_semi.o)
    0x08000386   0x00000004   Code   RO         3097    i.BusFault_Handler  stm32f10x_it.o
    0x0800038a   0x00000002   PAD
    0x0800038c   0x00000018   Code   RO         3142    i.DMA1_Channel5_IRQHandler  usart.o
    0x080003a4   0x00000070   Code   RO         1429    i.DMA_ClearFlag     stm32f10x_dma.o
    0x08000414   0x000000d4   Code   RO         1431    i.DMA_Cmd           stm32f10x_dma.o
    0x080004e8   0x000000a6   Code   RO         3143    i.DMA_Configuration  usart.o
    0x0800058e   0x00000002   PAD
    0x08000590   0x000001ec   Code   RO         1432    i.DMA_DeInit        stm32f10x_dma.o
    0x0800077c   0x000000b0   Code   RO         1433    i.DMA_GetCurrDataCounter  stm32f10x_dma.o
    0x0800082c   0x000000e4   Code   RO         1436    i.DMA_ITConfig      stm32f10x_dma.o
    0x08000910   0x000001c0   Code   RO         1437    i.DMA_Init          stm32f10x_dma.o
    0x08000ad0   0x000000b0   Code   RO         1438    i.DMA_SetCurrDataCounter  stm32f10x_dma.o
    0x08000b80   0x00000002   Code   RO         3098    i.DebugMon_Handler  stm32f10x_it.o
    0x08000b82   0x00000002   PAD
    0x08000b84   0x00000038   Code   RO         3144    i.GPIO_Configuration  usart.o
    0x08000bbc   0x000001cc   Code   RO          173    i.GPIO_Init         stm32f10x_gpio.o
    0x08000d88   0x000000a4   Code   RO          180    i.GPIO_ResetBits    stm32f10x_gpio.o
    0x08000e2c   0x000000a4   Code   RO          181    i.GPIO_SetBits      stm32f10x_gpio.o
    0x08000ed0   0x00000004   Code   RO         3099    i.MemManage_Handler  stm32f10x_it.o
    0x08000ed4   0x00000002   Code   RO         3100    i.NMI_Handler       stm32f10x_it.o
    0x08000ed6   0x0000000e   Code   RO         3032    i.NVIC_Configuration  board.o
    0x08000ee4   0x00000022   Code   RO         3145    i.NVIC_Configuration  usart.o
    0x08000f06   0x00000002   PAD
    0x08000f08   0x000000d8   Code   RO         1393    i.NVIC_Init         misc.o
    0x08000fe0   0x00000074   Code   RO         1395    i.NVIC_SetVectorTable  misc.o
    0x08001054   0x00000084   Code   RO          282    i.RCC_AHBPeriphClockCmd  stm32f10x_rcc.o
    0x080010d8   0x00000084   Code   RO          285    i.RCC_APB2PeriphClockCmd  stm32f10x_rcc.o
    0x0800115c   0x00000014   Code   RO         3146    i.RCC_Configuration  usart.o
    0x08001170   0x000000d4   Code   RO          293    i.RCC_GetClocksFreq  stm32f10x_rcc.o
    0x08001244   0x00000002   Code   RO         3101    i.SVC_Handler       stm32f10x_it.o
    0x08001246   0x00000008   Code   RO         1359    i.SetSysClock       system_stm32f10x.o
    0x0800124e   0x00000002   PAD
    0x08001250   0x000000b8   Code   RO         1360    i.SetSysClockTo24   system_stm32f10x.o
    0x08001308   0x00000010   Code   RO         3033    i.SysTick_Handler   board.o
    0x08001318   0x00000064   Code   RO         1362    i.SystemInit        system_stm32f10x.o
    0x0800137c   0x00000018   Code   RO         3147    i.USART1_IRQHandler  usart.o
    0x08001394   0x000000e0   Code   RO         1126    i.USART_ClearITPendingBit  stm32f10x_usart.o
    0x08001474   0x000000a4   Code   RO         1129    i.USART_Cmd         stm32f10x_usart.o
    0x08001518   0x000000b4   Code   RO         1130    i.USART_DMACmd      stm32f10x_usart.o
    0x080015cc   0x000000e8   Code   RO         1132    i.USART_GetFlagStatus  stm32f10x_usart.o
    0x080016b4   0x00000144   Code   RO         1133    i.USART_GetITStatus  stm32f10x_usart.o
    0x080017f8   0x00000140   Code   RO         1135    i.USART_ITConfig    stm32f10x_usart.o
    0x08001938   0x00000210   Code   RO         1136    i.USART_Init        stm32f10x_usart.o
    0x08001b48   0x00000080   Code   RO         1143    i.USART_ReceiveData  stm32f10x_usart.o
    0x08001bc8   0x00000004   Code   RO         3102    i.UsageFault_Handler  stm32f10x_it.o
    0x08001bcc   0x0000004c   Code   RO         2261    i.__rt_ffs          kservice.o
    0x08001c18   0x00000014   Code   RO         1921    i._has_defunct_thread  idle.o
    0x08001c2c   0x000000c4   Code   RO         2642    i._rt_scheduler_stack_check  scheduler.o
    0x08001cf0   0x000000b8   Code   RO         2801    i._rt_thread_init   thread.o
    0x08001da8   0x00000042   Code   RO         2917    i._rt_timer_init    timer.o
    0x08001dea   0x0000002e   Code   RO         2918    i._rt_timer_remove  timer.o
    0x08001e18   0x00000190   Code   RO         3233    i._serial_dma_rx    serial.o
    0x08001fa8   0x0000005c   Code   RO         3234    i._serial_dma_tx    serial.o
    0x08002004   0x00000098   Code   RO         3235    i._serial_int_rx    serial.o
    0x0800209c   0x0000006c   Code   RO         3236    i._serial_int_tx    serial.o
    0x08002108   0x0000005c   Code   RO         3237    i._serial_poll_rx   serial.o
    0x08002164   0x00000054   Code   RO         3238    i._serial_poll_tx   serial.o
    0x080021b8   0x00000070   Code   RO         1557    i.assert_failed     startup.o
    0x08002228   0x00000058   Code   RO         3148    i.dma_rx_done_isr   usart.o
    0x08002280   0x00000052   Code   RO         3149    i.dma_uart_rx_idle_isr  usart.o
    0x080022d2   0x00000002   PAD
    0x080022d4   0x00000058   Code   RO         1501    i.led_thread_entry  application.o
    0x0800232c   0x0000000e   Code   RO         1558    i.main              startup.o
    0x0800233a   0x00000002   PAD
    0x0800233c   0x0000018c   Code   RO         2263    i.print_number      kservice.o
    0x080024c8   0x0000006c   Code   RO         1502    i.rt_application_init  application.o
    0x08002534   0x00000074   Code   RO         2264    i.rt_assert_handler  kservice.o
    0x080025a8   0x00000068   Code   RO         1711    i.rt_completion_done  completion.o
    0x08002610   0x00000048   Code   RO         1712    i.rt_completion_init  completion.o
    0x08002658   0x0000013c   Code   RO         1713    i.rt_completion_wait  completion.o
    0x08002794   0x0000001c   Code   RO         1797    i.rt_components_board_init  components.o
    0x080027b0   0x0000001c   Code   RO         1798    i.rt_components_init  components.o
    0x080027cc   0x00000034   Code   RO         2267    i.rt_console_set_device  kservice.o
    0x08002800   0x00000068   Code   RO         1653    i.rt_data_queue_init  dataqueue.o
    0x08002868   0x00000078   Code   RO         1654    i.rt_data_queue_peak  dataqueue.o
    0x080028e0   0x000001b8   Code   RO         1655    i.rt_data_queue_pop  dataqueue.o
    0x08002a98   0x00000154   Code   RO         1656    i.rt_data_queue_push  dataqueue.o
    0x08002bec   0x00000058   Code   RO         1841    i.rt_device_close   device.o
    0x08002c44   0x00000050   Code   RO         1843    i.rt_device_find    device.o
    0x08002c94   0x000000e8   Code   RO         1846    i.rt_device_open    device.o
    0x08002d7c   0x00000034   Code   RO         1848    i.rt_device_register  device.o
    0x08002db0   0x00000060   Code   RO         1852    i.rt_device_write   device.o
    0x08002e10   0x00000058   Code   RO         3239    i.rt_dma_calc_recved_len  serial.o
    0x08002e68   0x00000088   Code   RO         3240    i.rt_dma_recv_update_get_index  serial.o
    0x08002ef0   0x000000b8   Code   RO         3241    i.rt_dma_recv_update_put_index  serial.o
    0x08002fa8   0x00000020   Code   RO         2644    i.rt_enter_critical  scheduler.o
    0x08002fc8   0x0000003c   Code   RO         2645    i.rt_exit_critical  scheduler.o
    0x08003004   0x000001e8   Code   RO         2722    i.rt_free           slab.o
    0x080031ec   0x00000078   Code   RO         3034    i.rt_hw_board_init  board.o
    0x08003264   0x00000002   Code   RO         2270    i.rt_hw_console_output  kservice.o
    0x08003266   0x00000002   PAD
    0x08003268   0x00000200   Code   RO         1621    i.rt_hw_hard_fault_exception  cpuport.o
    0x08003468   0x00000040   Code   RO         3073    i.rt_hw_led_init    led.o
    0x080034a8   0x00000030   Code   RO         3074    i.rt_hw_led_off     led.o
    0x080034d8   0x00000030   Code   RO         3075    i.rt_hw_led_on      led.o
    0x08003508   0x000001c4   Code   RO         3242    i.rt_hw_serial_isr  serial.o
    0x080036cc   0x0000007c   Code   RO         3243    i.rt_hw_serial_register  serial.o
    0x08003748   0x0000004c   Code   RO         1622    i.rt_hw_stack_init  cpuport.o
    0x08003794   0x00000058   Code   RO         3150    i.rt_hw_usart_init  usart.o
    0x080037ec   0x0000000a   Code   RO         1503    i.rt_init_thread_entry  application.o
    0x080037f6   0x00000002   PAD
    0x080037f8   0x00000024   Code   RO         2234    i.rt_interrupt_enter  irq.o
    0x0800381c   0x0000000c   Code   RO         2235    i.rt_interrupt_get_nest  irq.o
    0x08003828   0x00000024   Code   RO         2236    i.rt_interrupt_leave  irq.o
    0x0800384c   0x00000018   Code   RO         1970    i.rt_ipc_list_resume  ipc.o
    0x08003864   0x0000006c   Code   RO         1972    i.rt_ipc_list_suspend  ipc.o
    0x080038d0   0x00000010   Code   RO         1973    i.rt_ipc_object_init  ipc.o
    0x080038e0   0x00000068   Code   RO         2271    i.rt_kprintf        kservice.o
    0x08003948   0x00000006   Code   RO         1658    i.rt_list_init      dataqueue.o
    0x0800394e   0x00000006   Code   RO         1974    i.rt_list_init      ipc.o
    0x08003954   0x00000006   Code   RO         2646    i.rt_list_init      scheduler.o
    0x0800395a   0x00000006   Code   RO         2919    i.rt_list_init      timer.o
    0x08003960   0x0000000e   Code   RO         2541    i.rt_list_insert_after  object.o
    0x0800396e   0x0000000e   Code   RO         2802    i.rt_list_insert_after  thread.o
    0x0800397c   0x0000000e   Code   RO         2920    i.rt_list_insert_after  timer.o
    0x0800398a   0x0000000e   Code   RO         1659    i.rt_list_insert_before  dataqueue.o
    0x08003998   0x0000000e   Code   RO         1975    i.rt_list_insert_before  ipc.o
    0x080039a6   0x00000010   Code   RO         1660    i.rt_list_isempty   dataqueue.o
    0x080039b6   0x00000010   Code   RO         1714    i.rt_list_isempty   completion.o
    0x080039c6   0x00000010   Code   RO         1976    i.rt_list_isempty   ipc.o
    0x080039d6   0x00000010   Code   RO         2921    i.rt_list_isempty   timer.o
    0x080039e6   0x00000012   Code   RO         2542    i.rt_list_remove    object.o
    0x080039f8   0x00000012   Code   RO         2803    i.rt_list_remove    thread.o
    0x08003a0a   0x00000002   PAD
    0x08003a0c   0x000002b8   Code   RO         2724    i.rt_malloc         slab.o
    0x08003cc4   0x0000007c   Code   RO         2274    i.rt_memcpy         kservice.o
    0x08003d40   0x00000048   Code   RO         2276    i.rt_memset         kservice.o
    0x08003d88   0x000000b8   Code   RO         2543    i.rt_object_allocate  object.o
    0x08003e40   0x0000009c   Code   RO         2545    i.rt_object_delete  object.o
    0x08003edc   0x00000054   Code   RO         2546    i.rt_object_detach  object.o
    0x08003f30   0x00000054   Code   RO         2550    i.rt_object_init    object.o
    0x08003f84   0x0000003c   Code   RO         2551    i.rt_object_is_systemobject  object.o
    0x08003fc0   0x0000005c   Code   RO         2727    i.rt_page_alloc     slab.o
    0x0800401c   0x00000158   Code   RO         2728    i.rt_page_free      slab.o
    0x08004174   0x00000058   Code   RO         2729    i.rt_page_init      slab.o
    0x080041cc   0x000000a4   Code   RO         2647    i.rt_schedule       scheduler.o
    0x08004270   0x00000074   Code   RO         2648    i.rt_schedule_insert_thread  scheduler.o
    0x080042e4   0x00000080   Code   RO         2649    i.rt_schedule_remove_thread  scheduler.o
    0x08004364   0x00000048   Code   RO         2004    i.rt_sem_init       ipc.o
    0x080043ac   0x00000054   Code   RO         2005    i.rt_sem_release    ipc.o
    0x08004400   0x00000188   Code   RO         2006    i.rt_sem_take       ipc.o
    0x08004588   0x00000184   Code   RO         3244    i.rt_serial_close   serial.o
    0x0800470c   0x00000080   Code   RO         3245    i.rt_serial_control  serial.o
    0x0800478c   0x00000048   Code   RO         3246    i.rt_serial_init    serial.o
    0x080047d4   0x00000238   Code   RO         3247    i.rt_serial_open    serial.o
    0x08004a0c   0x0000006c   Code   RO         3248    i.rt_serial_read    serial.o
    0x08004a78   0x0000006c   Code   RO         3249    i.rt_serial_write   serial.o
    0x08004ae4   0x00000028   Code   RO         2277    i.rt_set_errno      kservice.o
    0x08004b0c   0x000000b0   Code   RO         2278    i.rt_show_version   kservice.o
    0x08004bbc   0x00000012   Code   RO         2284    i.rt_strlen         kservice.o
    0x08004bce   0x00000028   Code   RO         2285    i.rt_strncmp        kservice.o
    0x08004bf6   0x00000034   Code   RO         2286    i.rt_strncpy        kservice.o
    0x08004c2a   0x00000002   PAD
    0x08004c2c   0x00000184   Code   RO         2731    i.rt_system_heap_init  slab.o
    0x08004db0   0x00000050   Code   RO         2651    i.rt_system_scheduler_init  scheduler.o
    0x08004e00   0x00000030   Code   RO         2652    i.rt_system_scheduler_start  scheduler.o
    0x08004e30   0x0000001c   Code   RO         2922    i.rt_system_timer_init  timer.o
    0x08004e4c   0x00000002   Code   RO         2923    i.rt_system_timer_thread_init  timer.o
    0x08004e4e   0x00000050   Code   RO         2805    i.rt_thread_create  thread.o
    0x08004e9e   0x0000000c   Code   RO         2806    i.rt_thread_delay   thread.o
    0x08004eaa   0x00000002   PAD
    0x08004eac   0x00000054   Code   RO         2809    i.rt_thread_exit    thread.o
    0x08004f00   0x00000018   Code   RO         1922    i.rt_thread_idle_entry  idle.o
    0x08004f18   0x000000cc   Code   RO         1923    i.rt_thread_idle_excute  idle.o
    0x08004fe4   0x0000003c   Code   RO         1924    i.rt_thread_idle_init  idle.o
    0x08005020   0x0000007c   Code   RO         2811    i.rt_thread_init    thread.o
    0x0800509c   0x00000068   Code   RO         2812    i.rt_thread_resume  thread.o
    0x08005104   0x0000000c   Code   RO         2813    i.rt_thread_self    thread.o
    0x08005110   0x00000068   Code   RO         2814    i.rt_thread_sleep   thread.o
    0x08005178   0x00000088   Code   RO         2815    i.rt_thread_startup  thread.o
    0x08005200   0x00000064   Code   RO         2816    i.rt_thread_suspend  thread.o
    0x08005264   0x00000080   Code   RO         2817    i.rt_thread_timeout  thread.o
    0x080052e4   0x00000060   Code   RO         2818    i.rt_thread_yield   thread.o
    0x08005344   0x0000000c   Code   RO         1761    i.rt_tick_get       clock.o
    0x08005350   0x00000030   Code   RO         1762    i.rt_tick_increase  clock.o
    0x08005380   0x0000009c   Code   RO         2924    i.rt_timer_check    timer.o
    0x0800541c   0x00000064   Code   RO         2925    i.rt_timer_control  timer.o
    0x08005480   0x00000044   Code   RO         2928    i.rt_timer_detach   timer.o
    0x080054c4   0x00000054   Code   RO         2929    i.rt_timer_init     timer.o
    0x08005518   0x0000016c   Code   RO         2932    i.rt_timer_start    timer.o
    0x08005684   0x0000006c   Code   RO         2933    i.rt_timer_stop     timer.o
    0x080056f0   0x00000328   Code   RO         2288    i.rt_vsnprintf      kservice.o
    0x08005a18   0x00000004   Code   RO         1799    i.rti_board_end     components.o
    0x08005a1c   0x00000004   Code   RO         1800    i.rti_board_start   components.o
    0x08005a20   0x00000004   Code   RO         1801    i.rti_end           components.o
    0x08005a24   0x00000004   Code   RO         1802    i.rti_start         components.o
    0x08005a28   0x00000034   Code   RO         1559    i.rtthread_startup  startup.o
    0x08005a5c   0x00000026   Code   RO         2290    i.skip_atoi         kservice.o
    0x08005a82   0x00000002   PAD
    0x08005a84   0x000000e8   Code   RO         3151    i.stm32_configure   usart.o
    0x08005b6c   0x000000a4   Code   RO         3152    i.stm32_control     usart.o
    0x08005c10   0x00000044   Code   RO         3153    i.stm32_getc        usart.o
    0x08005c54   0x00000044   Code   RO         3154    i.stm32_putc        usart.o
    0x08005c98   0x00000080   Code   RO         3155    i.uart_isr          usart.o
    0x08005d18   0x000000ec   Code   RO         2732    i.zoneindex         slab.o
    0x08005e04   0x0000004b   Data   RO         1661    .constdata          dataqueue.o
    0x08005e4f   0x00000039   Data   RO         1715    .constdata          completion.o
    0x08005e88   0x000000a8   Data   RO         1853    .constdata          device.o
    0x08005f30   0x00000016   Data   RO         1927    .constdata          idle.o
    0x08005f46   0x000001d7   Data   RO         2008    .constdata          ipc.o
    0x0800611d   0x00000122   Data   RO         2292    .constdata          kservice.o
    0x0800623f   0x0000005e   Data   RO         2556    .constdata          object.o
    0x0800629d   0x0000004e   Data   RO         2654    .constdata          scheduler.o
    0x080062eb   0x0000004b   Data   RO         2734    .constdata          slab.o
    0x08006336   0x000000aa   Data   RO         2819    .constdata          thread.o
    0x080063e0   0x0000005c   Data   RO         2935    .constdata          timer.o
    0x0800643c   0x0000005c   Data   RO         3157    .constdata          usart.o
    0x08006498   0x00000124   Data   RO         3250    .constdata          serial.o
    0x080065bc   0x00000004   Data   RO         1803    .rti_fn.0           components.o
    0x080065c0   0x00000004   Data   RO         1804    .rti_fn.0.end       components.o
    0x080065c4   0x00000004   Data   RO         1805    .rti_fn.1.end       components.o
    0x080065c8   0x00000004   Data   RO         1806    .rti_fn.6.end       components.o
    0x080065cc   0x00000020   Data   RO         3486    Region$$Table       anon$$obj.o


    Execution Region RW_IRAM1 (Base: 0x20000000, Size: 0x00000ee8, Max: 0x00002000, ABSOLUTE, COMPRESSED[0x00000078])

    Base Addr    Size         Type   Attr      Idx    E Section Name        Object

    0x20000000   0x00000014   Data   RW          314    .data               stm32f10x_rcc.o
    0x20000014   0x00000014   Data   RW         1363    .data               system_stm32f10x.o
    0x20000028   0x00000010   Data   RW         1624    .data               cpuport.o
    0x20000038   0x00000004   Data   RW         1764    .data               clock.o
    0x2000003c   0x00000004   Data   RW         1928    .data               idle.o
    0x20000040   0x00000001   Data   RW         2237    .data               irq.o
    0x20000041   0x00000003   PAD
    0x20000044   0x0000000c   Data   RW         2293    .data               kservice.o
    0x20000050   0x000000a4   Data   RW         2557    .data               object.o
    0x200000f4   0x0000001c   Data   RW         2655    .data               scheduler.o
    0x20000110   0x00000034   Data   RW         2735    .data               slab.o
    0x20000144   0x00000010   Data   RW         2936    .data               timer.o
    0x20000154   0x00000018   Data   RW         3158    .data               usart.o
    0x2000016c   0x00000004   Data   RW         3251    .data               serial.o
    0x20000170   0x00000280   Zero   RW         1504    .bss                application.o
    0x200003f0   0x00000180   Zero   RW         1926    .bss                idle.o
    0x20000570   0x00000080   Zero   RW         2291    .bss                kservice.o
    0x200005f0   0x00000100   Zero   RW         2653    .bss                scheduler.o
    0x200006f0   0x00000140   Zero   RW         2733    .bss                slab.o
    0x20000830   0x00000054   Zero   RW         3156    .bss                usart.o
    0x20000884   0x00000060   Zero   RW         3361    .bss                c_w.l(libspace.o)
    0x200008e4   0x00000004   PAD
    0x200008e8   0x00000200   Zero   RW         1748    HEAP                startup_stm32f10x_md_vl.o
    0x20000ae8   0x00000400   Zero   RW         1747    STACK               startup_stm32f10x_md_vl.o


==============================================================================

Image component sizes


      Code (inc. data)   RO Data    RW Data    ZI Data      Debug   Object Name

       206         68          0          0        640      11449   application.o
       150         20          0          0          0      16561   board.o
        60         12          0          4          0       1077   clock.o
       508        176         57          0          0       5979   completion.o
        72         16         16          0          0       3338   components.o
       216         26          0          0          0        716   context_rvds.o
       588        328          0         16          0       2878   cpuport.o
      1040        216         75          0          0       8267   dataqueue.o
       548        140        168          0          0       7218   device.o
       308         80         22          4        384       3770   idle.o
       732        152        471          0          0      27540   ipc.o
        84         18          0          1          0       1874   irq.o
      2114        236        290         12        128      12030   kservice.o
       160         26          0          0          0       1368   led.o
       332        116          0          0          0       1626   misc.o
       600        186         94        164          0       6697   object.o
       830        254         78         28        256       7046   scheduler.o
      3284        748        292          4          0      13047   serial.o
      2332        500         75         52        320       7992   slab.o
       178         88          0          0          0       1739   startup.o
        64         26        288          0       1536        824   startup_stm32f10x_md_vl.o
         0          0          0          0          0     243852   stm32f10x_dbgmcu.o
      1844        430          0          0          0       6219   stm32f10x_dma.o
       788        246          0          0          0       3260   stm32f10x_gpio.o
        18          0          0          0          0       2387   stm32f10x_it.o
       476        142          0         20          0       4585   stm32f10x_rcc.o
      2100        588          0          0          0       7409   stm32f10x_usart.o
       292         24          0         20          0       2057   system_stm32f10x.o
      1196        316        170          0          0      11413   thread.o
      1058        186         92         16          0       9683   timer.o
      1242        182         92         24         84      25737   usart.o

    ----------------------------------------------------------------------
     23446       5546       2312        368       3348     459638   Object Totals
         0          0         32          0          0          0   (incl. Generated)
        26          0          0          3          0          0   (incl. Padding)

    ----------------------------------------------------------------------

      Code (inc. data)   RO Data    RW Data    ZI Data      Debug   Library Member Name

        90          0          0          0          0          0   __dczerorl2.o
         8          0          0          0          0         68   __main.o
         0          0          0          0          0          0   __rtentry.o
        12          0          0          0          0          0   __rtentry2.o
         6          0          0          0          0          0   __rtentry4.o
        52          8          0          0          0          0   __scatter.o
        28          0          0          0          0          0   __scatter_zi.o
        12          0          0          0          0         72   exit.o
         6          0          0          0          0        152   heapauxi.o
         0          0          0          0          0          0   indicate_semi.o
         2          0          0          0          0          0   libinit.o
         2          0          0          0          0          0   libinit2.o
         2          0          0          0          0          0   libshutdown.o
         2          0          0          0          0          0   libshutdown2.o
         8          4          0          0         96         68   libspace.o
         2          0          0          0          0          0   rtexit.o
        10          0          0          0          0          0   rtexit2.o
        12          4          0          0          0         68   sys_exit.o
        74          0          0          0          0         80   sys_stackheap_outer.o
         2          0          0          0          0         68   use_no_semi.o

    ----------------------------------------------------------------------
       334         16          0          0        100        576   Library Totals
         4          0          0          0          4          0   (incl. Padding)

    ----------------------------------------------------------------------

      Code (inc. data)   RO Data    RW Data    ZI Data      Debug   Library Name

       330         16          0          0         96        576   c_w.l

    ----------------------------------------------------------------------
       334         16          0          0        100        576   Library Totals

    ----------------------------------------------------------------------

==============================================================================


      Code (inc. data)   RO Data    RW Data    ZI Data      Debug   

     23780       5562       2312        368       3448     450746   Grand Totals
     23780       5562       2312        120       3448     450746   ELF Image Totals (compressed)
     23780       5562       2312        120          0          0   ROM Totals

==============================================================================

    Total RO  Size (Code + RO Data)                26092 (  25.48kB)
    Total RW  Size (RW Data + ZI Data)              3816 (   3.73kB)
    Total ROM Size (Code + RO Data + RW Data)      26212 (  25.60kB)

==============================================================================

