<html>
<body>
<pre>
<h1>µVision Build Log</h1>
<h2>Tool Versions:</h2>
IDE-Version: ¦ÌVision V5.14.0.0
Copyright (C) 2015 ARM Ltd and ARM Germany GmbH. All rights reserved.
License Information: lianglong li, hyt, LIC=FQQMM-XT3MT-063QU-SBSWJ-ECBLY-RAJVL
 
Tool Versions:
Toolchain:       MDK-ARM Professional  Version: 5.14.0.0
Toolchain Path:  D:\EngineeringSoftware\Keil_core\ARM\ARMCC\Bin
C Compiler:      Armcc.exe V5.05 update 1 (build 106)
Assembler:       Armasm.exe V5.05 update 1 (build 106)
Linker/Locator:  ArmLink.exe V5.05 update 1 (build 106)
Library Manager: ArmAr.exe V5.05 update 1 (build 106)
Hex Converter:   FromElf.exe V5.05 update 1 (build 106)
CPU DLL:         SARMCM3.DLL V5.14.0.0
Dialog DLL:      DCM.DLL V1.13.1.0
Target DLL:      Segger\JL2CM3.dll V2.99.13.0
Dialog DLL:      TCM.DLL V1.14.4.0
 
<h2>Project:</h2>
F:\work\Keil_rtthread_experient\mdk\rt_thread.uvprojx
Project File Date:  05/15/2017

<h2>Output:</h2>
Rebuild target 'Target 1'
creating preprocessor file for stm32f10x_dbgmcu.c...
compiling stm32f10x_dbgmcu.c...
creating preprocessor file for stm32f10x_exti.c...
compiling stm32f10x_exti.c...
creating preprocessor file for stm32f10x_gpio.c...
compiling stm32f10x_gpio.c...
creating preprocessor file for stm32f10x_rcc.c...
compiling stm32f10x_rcc.c...
creating preprocessor file for stm32f10x_rtc.c...
compiling stm32f10x_rtc.c...
creating preprocessor file for stm32f10x_tim.c...
compiling stm32f10x_tim.c...
creating preprocessor file for stm32f10x_usart.c...
compiling stm32f10x_usart.c...
creating preprocessor file for stm32f10x_wwdg.c...
compiling stm32f10x_wwdg.c...
creating preprocessor file for system_stm32f10x.c...
compiling system_stm32f10x.c...
creating preprocessor file for misc.c...
compiling misc.c...
creating preprocessor file for stm32f10x_dma.c...
compiling stm32f10x_dma.c...
creating preprocessor file for application.c...
compiling application.c...
creating preprocessor file for startup.c...
compiling startup.c...
creating preprocessor file for backtrace.c...
compiling backtrace.c...
creating preprocessor file for div0.c...
compiling div0.c...
creating preprocessor file for showmem.c...
compiling showmem.c...
creating preprocessor file for cpuport.c...
compiling cpuport.c...
creating preprocessor file for dataqueue.c...
compiling dataqueue.c...
creating preprocessor file for completion.c...
compiling completion.c...
assembling startup_stm32f10x_md_vl.s...
assembling context_rvds.S...
creating preprocessor file for clock.c...
compiling clock.c...
creating preprocessor file for components.c...
compiling components.c...
creating preprocessor file for device.c...
compiling device.c...
creating preprocessor file for idle.c...
compiling idle.c...
creating preprocessor file for ipc.c...
compiling ipc.c...
creating preprocessor file for irq.c...
compiling irq.c...
creating preprocessor file for kservice.c...
compiling kservice.c...
creating preprocessor file for mem.c...
compiling mem.c...
creating preprocessor file for memheap.c...
compiling memheap.c...
creating preprocessor file for mempool.c...
compiling mempool.c...
creating preprocessor file for module.c...
compiling module.c...
creating preprocessor file for object.c...
compiling object.c...
creating preprocessor file for scheduler.c...
compiling scheduler.c...
creating preprocessor file for slab.c...
compiling slab.c...
creating preprocessor file for thread.c...
compiling thread.c...
creating preprocessor file for timer.c...
compiling timer.c...
creating preprocessor file for board.c...
compiling board.c...
creating preprocessor file for gpio.c...
compiling gpio.c...
creating preprocessor file for led.c...
compiling led.c...
creating preprocessor file for stm32f10x_it.c...
compiling stm32f10x_it.c...
creating preprocessor file for usart.c...
compiling usart.c...
creating preprocessor file for serial.c...
compiling serial.c...
linking...
Program Size: Code=23780 RO-data=2312 RW-data=368 ZI-data=3448  
After Build - User command #1: fromelf --bin .\Objects\rt_thread.axf --output rt_thread.bin
".\Objects\rt_thread.axf" - 0 Error(s), 0 Warning(s).

<h2>Collection of Component include folders:</h2>
  F:\work\Keil_rtthread_experient\mdk\RTE
  D:\EngineeringSoftware\Keil_core\ARM\PACK\Keil\STM32F1xx_DFP\2.2.0

<h2>Collection of Component Files used:</h2>
</pre>
</body>
</html>
